Mm, Mm, Mm, Gg, Ms, Mm, Ms, Mm, Mm, Mm, Hh, Hh, Hh^Fmf, Gg^Fmf, Mm, Gg, Mm, Mm, Mm, Mm, Mm, Gg, Hh, Ss, Sm, Sm, Ss, Gg, Gg, Gg, Ds, Gg, Dd, Gg, Gd, Hh, Hh, Gg, Rb, Gg, Wwg^Ewl, Wwg, Wwg, Wwg, Ds, Gg^Fmf, Gg^Fmf, Gg^Fmf, Hh^Fmf, Mm^Fmf, Mm, Mm, Mm, Mm, Mm, Mm, Mm
Ms, Ms, Ms, Mm, Mm, Ms, Mm, Hh, Mm, Mm, Hh, Hh^Fmf, Hh^Fmf, Hh^Fmf, Mm, Mm, Mm, Mm, Hh, Mm, Hh, Mm, Sm, Ss, Ss, Sm, Ss, Sm, Wwg^Ewf, Dd, Wwg^Wkf, Dd, Wwg^Wkf, Ds, Hh, Gs^Efm, Hh, Hh^Vh, Rb, Gd^Efm, Wwg, Wwg^Wkf, Wwg^Ewf, Wwg^Wkf, Hh, Gg^Fdf, Hh^Fdf, Hh^Fmf, Hh^Fmf, Gg^Fmf, Mm, Mm, Mm, Mm, Mm, Mm, Hh
Gg, Ms, Ms, Ms, Ms, Mm, Mm, Mm, Hh^Fmf, Hh^Efm, Mm, Hh, Hh, Mm, Mm, Mm, Mm, Hh, Hh^Fmf, Mm, Hh^Fmf, Hh^Efm, Hh^Fmf, Hh, Gg^Efm, Ss, Wwg^Wkf, Ss, Wwg^Wkf, Wwg, Ds, Wwg^Ewl, Wwg^Ewf, Wwg, Wwg^Wkf, Gs, Ds, Dd, Wwg, Wwg^Bw\r, Gs^Efm, Wwg, Ds^Es, Dd, Hh^Es, Gg^Fdf, Hh, Hh, Hh^Efm, Hh, Mm, Mm, Hh, Hh^Fmf, Hh^Fmf, Hh^Fmf, Mm
Mm, Mm, Mm, Ms, Mm, Hh, Mm, Hh, Hh^Fdf, Hh, Gg^Fdf, Hh^Fmf, Hh^Efm, Mm, Hh, Hh^Fmf, Hh^Fmf, Hh, Mm, Hh^Fmf, Hh^Es, Hh, Hh^Es, Gg^Efm, Ds, Wwg^Ewl, Dd, Wwg, Ss, Ss, Gg^Efm, Wwg, Hh^Efm, Wwg, Wwg^Wkf, Wwg, Wwg, Wwg^Wkf, Wwg^Ewf, Wwg^Wkf, Wwg^Bw|r, Wwg^Wkf, Gg^Fetd, Hh, Hh^Fmf, Hh^Fmf, Hh, Mm, Hh, Hh^Es, Hh^Vh, Mm, Hh^Efm, Hh^Fmf, Mm, Mm, Mm
Mm, Mm, Mm, Hh, Hh^Fmf, Hh^Fmf, Hh^Fmf, Hh^Fmf, Gg^Fmf, Hh^Efm, Hh, Hh, Mm, Mm, Hh^Fmf, Hh^Fetd, Gg^Fdf, Mm, Gd^Qhhf, Hh^Fdf, Gg^Fdf, Hh^Fmf, Gg^Vct, Ds, Wwg, Wwg^Wkf, Dd, Hh^Efm, Hh, Sm, Wwg, Wwg, Hh, Hh, Gg^Efm, Wwg, Wwg^Ewl, Wwg, Ds, Ds, Rb, Gg^Efm, Hh^Efm, Hh^Fdf, Hh^Es, Hh^Fmf, Gg^Fdf, Hh, Hh^Efm, Mm, Hh^Fmf, Hh^Fetd, Hh^Fmf, Hh^Fmf, Hh^Fdf, Mm, Mm
Mm, Mm, Mm, Mm, Hh^Fmf, Hh^Fmf, Gg^Fmf, Gg^Fdf, Gd^Qhhf, Hh^Fetd, Mm, Hh, Hh^Fmf, Hh^Fmf, Rp^Efm, Rp^Vh, Gs^Es, Gs^Qhh, Gs^Efm, Gg^Qhhf, Gg^Fdf, Gs, Hh, Gg, Wwg^Ewf, Wwg^Wkf, Hh, Hh^Efm, Mm, Hh^Fmf, Wwg, Hh^Efm, Hh, Mm, Hh^Fmf, Dd, Hh, Gg^Efm, Hh^Es, Gd, Rb, Hh, Hh, Hh^Vh, Hh^Fmf, Hh^Efm, Hh, Hh, Hh, Mm, Hh^Fdf, Hh^Fmf, Gg^Fdf, Hh^Fmf, Gg^Fmf, Hh^Fmf, Gg
Hh, Mm, Hh^Fmf, Hh^Fmf, Hh, Hh^Es, Gd^Vh, Gd^Efm, Hh, Hh^Efm, Hh^Fmf, Hh^Fmf, Hh^Fdf, Hh, Rb, Gg^Fdf, Hh^Efm, Gg^Es, Hh, Gg, Gg, Gs, Hh^Efm, Hh, Wwg^Wkf, Gg, Hh^Efm, Hh^Fmf, Mm, Hh, Hh^Efm, Wwg, Wwg, Hh, Hh^Efm, Hh, Hh^Vh, Hh, Gg^Efm, Gs, Rb, Hh^Es, Gg, Gg^Fmf, Hh^Fmf, Hh, Mm, Mm, Hh^Fmf, Hh^Fmf, Hh^Fmf, Gg^Fmf, Gg^Fdf, Gg^Fdf, Gg, Hh^Fmf, Gg^Fmf
Mm, Hh, Hh^Fmf, Hh^Fmf, Gg, Rp^Efm, Hh^Fmf, Hh^Es, Gd^Es, Hh^Fmf, Gll^Fdf, Gg^Fmf, Gs^Qhhf, Rb, Hh^Efm, Hh, Hh, Hh, Gg^Es, Hh^Efm, Hh^Fmf, Gg^Fdf, Hh, Hh, Ds, Wwg, Wwg^Wkf, Hh, Hh^Fmf, Hh^Efm, Hh, Hh, Mm, Mm, Mm, Mm, Hh^Fmf, Hh, Gg^Fmf, Gg^Fdf, Rb, Gd, Gs, Hh^Fdf, Hh^Fdf, Hh^Fmf, Hh^Fmf, Hh^Efm, Hh^Qhhf, Hh^Fmf, Gd, Gg^Vct, Gg^Fmf, Gg^Fmf, Gg^Fmf, Gg^Fdf, Re^Eff
Hh, Mm, Hh^Fmf, Gg^Fdf, Gg^Fdf, Rb, Hh^Fdf, Hh, Rb, Gg^Fmf, Rb, Gd^Qhh, Rb^Es, Rb, Hh, Hh, Mm, Hh, Hh, Hh^Fmf, Hh, Gg^Fdf, Hh, Hh^Es, Mm, Dd, Wwg^Wkf, Hh, Hh^Efm, Hh^Fmf, Mm, Mm, Mm, Mm, Mm, Hh^Fmf, Hh^Fmf, Gg^Fmf, Gg^Fdf, Gg^Fmf, Rp, Gs^Fmf, Gg^Es, Hh^Fdf, Hh, Hh, Hh, Hh, Gg^Qhhf, Gs^Qhhf, Gs, Gg^Fdf, Gg^Es, Gg^Fdf, Re^Eff, Re^Eff, Re^Es
Gg, Hh^Efm, Hh, Gg^Efm, Rb, Rb^Es, Rp, Rp^Efm, Gs^Es, Rp, Hh^Efm, Rb, Hh^Fdf, Rb^Efm, Rp^Es, Hh^Fmf, Hh^Fmf, Hh^Fmf, Hh^Fetd, Hh, Hh^Efm, Hh^Fmf, Mm, Mm, Wwg^Wkf, Wwg, Hh, Hh, Hh^Fmf, Hh, Mm, Mm, Mm, Mm, Mm, Hh^Fmf, Hh, Hh, Rb, Rb, Gs, Rb, Rb, Gd, Gg^Efm, Mm, Hh, Mm, Gd, Gg^Efm, Gd, Gg, Gs^Qhh, Gg^Qhhf, Ce, Re^Eff, Re
Dd, Ds, Wwg, Rp, Wwg^Wkf, Dd^Ewsh, Ds, Gg, Gg^Efm, Hh, Ds^Ewsh, Hh, Hh^Fdf, Hh, Hh, Hh^Efm, Rb^Efm, Hh^Fdf, Hh^Fmf, Mm, Mm, Hh, Gg^Fdf, Hh^Fmf, Wwg^Wkf, Ds^Ewsh, Hh, Hh, Mm, Mm, Mm, Mm, Mm, Mm, Mm^Fmf, Hh^Fmf, Rb, Rp, Gd, Gg^Efm, Hh, Gg, Gg^Es, Rb, Rb, Hh, Hh^Efm, Hh, Re^Eff, Re^Eff, Re^Eff, Gd, Gd^Efm, Ce, Ket, Ce, Gg
Wwg, Wwg^Ewl, Wwg^Wkf, Wwg^Bw|, Wwg, Wwg^Ewf, Dd, Hh^Efm, Ds, Hh^Es, Wwg, Dd, Hh, Mm, Mm, Hh^Vh, Gg^Es, Hh^Fmf, Hh, Mm, Mm, Mm^Es, Hh, Hh, Hh^Efm, Wwg^Ewl, Hh, Hh^Fmf, Mm, Mm, Mm, Xu, Mm, Mm, Hh, Hh^Vh, Rp, Hh, Gg^Efm, Hh^Fmf, Hh, Hh^Fmf, Hh, Gs^Efm, Rb, Hh, Re^Eff, Re^Eff, Re^Emf, Re^Emf, Re^Eff, Re^Eff, Rb, Ce, Ce, Ce, Gg^Fmf
Wwg^Ewf, Wwg^Wkf, Ds, Rp^Es, Ds, Wwg^Wkf, Wwg^Wkf, Wwg^Ewl, Wwg^Wkf, Wwg^Ewf, Hh, Wwg^Wkf, Wwg^Ewl, Hh, Hh, Hh^Fdf, Hh, Hh^Fmf, Hh^Fmf, Mm, Mm, Hh^Efm, Mm, Mm, Wwg^Wkf, Wwg, Xu, Mm, Xu, Mm, Xu, Xu, Xu, Mm, Mm^Dr, Gg, Rp, Gd, Hh, Hh^Efm, Hh, Hh^Fmf, Hh, Gs, Rb, Gg^Efm, Rb, Re^Eff, Re^Vh, Re^Eff, Gg^Fmf, Rb, Gg^Es, Gg^Efm, Gg^Fdf, Gg^Fdf, Gg^Fmf
Gg, Dd, Rb, Rp^Efm, Hh^Efm, Dd, Wwg, Ds^Ewsh, Hh^Fdf, Hh^Fmf, Hh^Es, Hh^Efm, Wwg^Ewf, Hh, Ds^Ewsh, Hh^Efm, Hh, Gs^Es, Hh^Efm, Mm, Mm, Mm, Mm, Xu, Xu, Xu, Xor, Xu, Xu, Mm^Dr, Xu, Xu, Xor, Xu, Cud, Hh^Eb, Rp, Hh, Mm, Mm, Mm, Mm, Hh^Fmf, Gg^Fmf, Gg^Fdf, Rb, Hh, Rb, Gg^Fdf, Gg^Fdf, Hh^Fmf, Hh, Gg^Fdf, Gg^Es, Hh^Es, Gg^Fmf, Hh
Rb^Es, Rb^Efm, Hh^Fmf, Hh, Hh, Hh^Fdf, Wwg, Hh^Fmf, Hh^Fmf, Hh^Fmf, Mm, Mm, Mm, Wwg, Mm, Hh, Gd^Es, Mm, Mm, Gd^Es, Hh, Rb^Es, Rr^Pr/o, Xos^Efs, Xor, Xor, Isa^Qhh, Xor, Xor, Xu, Xot, Xot, Isa^Dr, Xos^Efs, Isr^Qhh, Isr^Qhh, Cud, Hh^Eb, Mm, Mm, Mm, Hh^Fmf, Hh^Fmf, Hh^Fetd, Hh, Hh^Es, Hh, Hh^Fmf, Hh, Hh^Fmf, Hh, Gg^Fmf, Gg^Fdf, Hh^Efm, Hh, Hh^Fetd, Hh
Gg^Es, Hh^Es, Hh, Mm, Hh^Fmf, Mm, Hh^Fetd, Wwg, Hh^Vh, Hh^Fmf, Hh^Es, Mm, Mm, Wwg^Wkf, Wwg^Ewl, Xu, Xu, Xu, Xu, Xu, Xor, Xos, Xos^Efs, Isa^Qhh, Isa^Qhh, Isa^Qhh, Xot, Isa^Qhh, Isa^Pr/o, Xos, Isa^Dr, Isa^Em, Isr^Qhh, Isr^Qhh, Isa^Dr, Xos, Xos, Xu, Mm, Mm, Mm, Hh, Hh, Hh^Efm, Hh^Es, Mm, Hh, Hh, Hh^Fmf, Hh^Fmf, Hh, Hh^Fmf, Hh^Fmf, Hh^Fmf, Hh^Es, Mm, Hh^Fmf
Gg^Fdf, Hh^Fmf, Hh^Fmf, Hh, Hh, Hh^Es, Hh^Es, Wwg, Wwg, Hh^Es, Mm, Mm, Mm^Es, Mm, Xu, Xu, Xu, Xu, Xor, Xor, Cud, Kud, Cud, Xor, Xor, Xor, Isa^Dr, Xos^Efs, Isa^Em, Isa^Em, Isr^Qhh, Isr^Qhh, Isa^Em, Isa^Es, Xos, Xos, Xu, Mm, Mm, Ms, Mm, Mm, Mm, Mm, Mm, Hh^Efm, Mm, Mm, Hh^Es, Hh^Fmf, Mm, Hh, Hh, Hh^Efm, Hh^Vhh, Hh^Fmf, Gg
Hh, Hh^Fmf, Gg^Fmf, Mm, Mm, Mm, Mm, Hh^Es, Wwg, Hh^Es, Mm, Mm, Mm, Mm^Es, Mm^Es, Xu, Xu, Xos, Xos, Isr^Dr, Cud, Cud, Cud, Isr^Dr, Isr^Qhh, Isa^Em, Isa^Em, Isa^Es, Isr^Qhh, Isr^Qhh, Isa^Dr, Isa^Dr, Xos, Xos, Xu, Mm, Mm, Mm, Ms, Ms, Ms, Ms, Ms, Mm, Mm, Mm, Mm, Mm, Hh, Hh^Efm, Hh, Hh^Efm, Mm, Mm, Hh^Es, Hh^Fmf, Hh
Gg, Hh^Fdf, Gg, Mm, Gg, Gg^Fmf, Gg, Gg^Fmf, Wwg, Hh^Es, Gg, Mm, Gg, Mm^Es, Xu, Xu, Xu, Xu, Xu, Xos, Xos, Isr^Dr, Isr, Isr^Qhh, Isa, Isr^Qhh, Isr^Qhh, Isr^Qhh, Isa, Isa^Em, Xos, Xos, Xos, Xu, Gg, Mm, Mm, Mm, Mm, Ms, Mm, Ms, Ms, Ms, Mm, Mm, Mm, Hh^Es, Gg, Mm, Mm, Mm, Gg, Hh^Es, Mm, Mm, Gg
