Gg^Fmf, Gg, Hh, Gg, Gll^Fmf, Hh^Fdf, Mm, Mm, Mm, Gg, Hh, Gg, Hh, Gg, Gg^Efm, Gll^Fdf, Gll^Fdf, Gg, Hh^Fmf, Gg, Gll^Fdf, Gg, Gll^Fdf, Gll^Fdf, Gll^Fdf, Gll^Fdf, Rb, Gg, Gll^Fdf
Gg^Fmf, Gg^Efm, Gll^Fdf, Gd, Gd^Fmf, Hh^Efm, Hh^Fmf, Mm, Mm, Hh, Gll^Fmf, Gg^Efm, Gll^Fdf, Gg^Efm, Gg^Fmf, Hh^Fmf, Gg^Feth, Hh^Fdf, Gll^Fdf, Gll^Fdf, Gd^Efm, Gd, Gg^Em, Gs, Gg, Gll^Fdf, Rp, Gd, Gll^Fdf
Gg^Fmf, Gg^Efm, Rb, Rb, Hh, Hh, Hh^Efm, Mm, Hh^Efm, Hh, Gll^Fdf, Gll^Fdf, Gg^Em, Gll^Fdf, Hh, Gg^Fmf, Hh, Gg, Gll^Fdf, Gg^Edpp, Gll^Fdf, Gll^Fdf, Cv, Cv, Cv, Rp, Gll^Fdf, Gg^Em, Gll^Fdf
Gg, Hh, Rb, Gll^Fmf, Gll^Fdf, Gll^Fdf, Gg^Fetd, Hh^Fdf, Hh^Fdf, Gg, Gd^Fmf, Gll^Fdf, Gll^Fdf, Hh^Fdf, Gll^Fdf, Gg^Edpp, Gg^Fmf, Rb^Ve, Rb, Gg, Gd^Efm, Gll^Fdf, Cv, Kv, Cv, Rp, Gd, Hh, Gg
Gll^Fmf, Gll^Fmf, Hh, Rb, Rb^Ve, Gd^Fdf, Rb, Gll^Fmf, Hh^Fdf, Gd, Rb, Rb, Rb^Ve, Rb, Rb^Es, Rb, Rb, Gll^Fdf, Rb, Gg^Efm, Gll^Fdf, Gd, Gs, Cv, Rp, Rp, Gd^Edpp, Gll^Fdf, Gg
Gg, Gll^Fdf, Gg^Efm, Rb, Gg^Qhu, Rb, Hh^Efm, Rb, Rb, Gd, Rb, Gg^Qhuf, Gll^Fdf, Gd, Gg^Em, Gg^Fmf, Gg^Em, Rb^Es, Rb, Gg^Es, Hh^Es, Gg^Es, Rb, Rp, Rb, Gs^Edpp, Gll^Fdf, Gll^Fetd, Gll^Feth
Gll^Fdf, Gll^Fmf, Rb, Rb, Gg^Qhu, Gs^Edpp, Hh, Hh^Fmf, Gs^Efm, Rb, Gll^Fdf, Gg^Qhuf, Gg^Qhu, Gg, Gll^Fdf, Gg^Em, Gg^Qhu, Gg^Qhuf, Gll^Fdf, Rb, Rb, Rb, Rb, Hh^Fdf, Gll^Fdf, Rb, Rb^Ve, Hh, Gg^Fmf
Gg, Hh, Rb, Gg^Es, Gg, Gg^Qhuf, Gll^Fdf, Gg^Es, Gg, Gg^Qhuf, Gg^Qhuf, Gg, Ss^Qhu, Gs, Gg^Qhuf, Gs, Gg^Qhuf, Gg, Rb^Ve, Rb^Es, Gll^Fdf, Hh^Fdf, Gll^Fdf, Rb, Gg^Fmf, Hh, Gg^Fmf, Hh, Hh
Gg, Hh, Gd, Rb, Gg^Qhuf, Dd^Qhu, Gg^Qhuf, Gg^Qhuf, Ss^Qhu, Dd^Qhu, Wwg^Wkf, Ss^Qhu, Wwg, Ss^Qhu, Wwg^Wkf, Ds^Qhu, Gg^Qhuf, Gll^Fdf, Gg^Em, Gs, Gg, Gll^Fdf, Hh, Rb, Rp, Gg, Gll^Fdf, Gll^Fdf, Gll^Fdf
Gg^Qhuf, Gll^Fdf, Gg, Rb^Fdf, Rb^Qhu, Wwg^Wkf, Wog, Wwrg, Wwrg, Wwg^_ml, Wog, Wwg^Ewl, Wwrg, Wwrg, Wwg, Wwg^Wkf, Dd^Qhu, Gs, Gs^Em, Gg^Qhu, Gg^Em, Gs^Efm, Hh^Efm, Gd^Efm, Gg^Es, Rb, Gg^Fmf, Hh, Gll^Fdf
Gg, Gg^Qhuf, Gg^Qhu, Gg^Qhuf, Wwrg, Wwg^Ewl, Wwg^Wkf, Wwg^Ewl, Dd^Qhu, Wwrg, Gg^Qhu, Wwg^Wkf, Ds^Qhu, Wog, Wwrg, Wwg^Ewf, Wwrg, Gg^Qhu, Gg^Qhuf, Gg^Qhu, Gg, Gd, Gg^Efm, Gs, Gg^Qhu, Rb, Rb, Gg^Edpp, Gg
Gll^Fdf, Gg, Gg^Qhu, Wwg^Ewf, Wwg, Dd^Qhu, Rb^Qhu, Gg^Qhuf, Gll^Fdf, Ds^Qhu, Gll^Fdf, Gg^Qhuf, Gs^Efm, Gg^Qhu, Gg^Qhu, Wwrg, Wwg, Wwrg, Gg^Qhuf, Gll^Fdf, Gs, Gll^Fdf, Gs, Gg^Qhu, Gg, Gg, Rb, Gg^Fmf, Hh
Gg, Gg^Qhuf, Wwg^Ewl, Wwrg, Gs^Qhu, Ds^Qhu, Gg, Rb^Qhu, Rb^Ve, Gs, Gd, Gg^Qhuf, Gg^Efm, Gs, Gg^Qhuf, Wwg^Wkf, Wog, Wwg^Ewl, Wwg^Wkf, Gg^Qhu, Dd^Qhu, Gg^Qhuf, Ss^Qhu, Ss^Qhu, Gg^Qhuf, Gll^Fdf, Rp^Ve, Rb, Gg
Ss^Qhu, Ss^Qhu, Wwrg, Wwg^Wkf, Gg^Qhuf, Gll^Fdf, Gd^Em, Gg^Qhu, Hh, Rb, Rb, Hh, Hh, Gll^Fdf, Gs^Efm, Dd^Qhu, Wwg^Wkf, Wog, Wwrg, Gg^Qhu, Wwrg, Wwg, Wwg^Wkf, Wwg, Wwg^Wkf, Dd^Qhu, Gg^Qhuf, Rp, Gg^Efm
Ss^Qhu, Wwrg, Wog, Gg^Qhu, Gs^Efm, Gg, Gg^Edpp, Hh, Gll^Fdf, Gll^Fdf, Gll^Fdf, Rb, Rb, Gg^Edpp, Gg^Qhuf, Gg^Qhu, Gs^Qhu, Wwg^Ewf, Wwrg, Wwrg, Wwg, Wog, Wwg^Ewf, Wog, Wwg^Ewl, Wwg^Ewf, Rp^Qhu, Rp, Gg
Gg^Qhuf, Wwrg, Wwrg, Dd^Qhu, Gg^Qhuf, Gll^Fdf, Gd^Es, Hh^Fdf, Hh^Em, Gll^Fetd, Hh, Hh, Rb, Gll^Fdf, Gg^Qhuf, Gs, Gs, Gg^Qhu, Gg^Qhuf, Gg^Qhu, Wwg, Wwg^Wkf, Rp^Qhu, Gs^Efm, Rp^Qhu, Wwg^Bw/r, Wwg^Ewl, Gg^Qhu, Gg
Gll^Fdf, Gg^Qhuf, Wwg, Wwg^Wkf, Gg^Qhu, Gg^Qhu, Gg^Qhu, Gg^Em, Gll^Fdf, Gll^Fdf, Rb, Rb, Gll^Fdf, Rb, Rb, Rb^Ve, Hh, Gg^Qhuf, Gll^Fdf, Gg^Qhu, Rb^Qhu, Wwg^Bw/, Wog, Rp^Qhu, Gg^Wm, Wwg, Dd^Qhu, Gg^Qhuf, Gg
Ds^Qhu, Dd^Qhu, Wwrg, Wwg^Ewf, Gg^Qhuf, Gs, Gs^Efm, Gg^Em, Rb^Ve, Rb, Gll^Fdf, Gg^Em, Hh^Es, Hh, Gg^Efm, Hh^Fdf, Hh^Es, Gg^Edpp, Rb, Rp, Gg^Qhuf, Wwg^Ewl, Wwg, Wwrg, Wwg, Wwrg, Ds^Qhuf, Gll^Fdf, Gll^Fdf
Wog, Wwg^Wkf, Wog, Gg^Qhu, Gll^Fdf, Gs^Es, Rb^Eff, Rb^Eff, Rb^Gvs, Rb^Eff, Rb^Eff, Gll^Fdf, Gg^Es, Gg^Fetd, Hh^Fdf, Gll^Fdf, Gg^Efm, Rb, Gg^Efm, Gll^Fdf, Gs, Dd^Qhu, Wwrg, Wwrg, Wwg^_ml, Wwrg, Gg^Qhuf, Gll^Fdf, Gg
Wwg^Qhuf, Wwg^Ewl, Gg^Qhu, Gg^Qhuf, Gg^Qhu, Gg^Efm, Gll^Fmf, Rb^Eff, Rb^Efm, Rb^Eff, Gg^Fmf, Gll^Fdf, Gg^Efm, Gll^Fdf, Hh^Fdf, Gg^Edpp, Rb, Rb, Gg^Qhuf, Gll^Fdf, Gg^Qhuf, Ds^Qhu, Wwg^Wkf, Wwg^Ewf, Wog, Wwg, Ds^Qhu, Gll^Fdf, Gg
Gg^Qhuf, Gg^Qhuf, Gll^Fdf, Gll^Fdf, Gg, Gg, Gg^Em, Gg^Fmf, Hh^Fdf, Gll^Fdf, Rb, Hh^Es, Gll^Fdf, Gg^Efm, Gll^Fdf, Gll^Fdf, Rb, Gg^Edpp, Gll^Fdf, Gg^Qhuf, Gg, Gg^Qhu, Gg^Qhu, Wwg, Wog, Wwg^Ewf, Wwrg, Gg^Qhuf, Gg^Qhu
Gll^Fdf, Gg^Qhu, Gg^Edpp, Gs^Efm, Gll^Fdf, Gd, Gg^Fmf, Hh^Fmf, Rb, Rb, Gll^Fmf, Rb, Rb, Gd, Rb, Rb, Hh, Rb, Rb, Gg^Efm, Gg, Gs, Gg^Qhu, Wwg^Wkf, Wwg, Wwrg, Dd^Qhu, Wwg, Wwg^Ewl
Gg, Gg^Qhuf, Ce, Ce, Ce, Gll^Fdf, Hh^Fdf, Rb, Gg^Edpp, Gd, Gg, Hh^Fmf, Hh^Fmf, Rp, Rp^Ve, Gll^Fdf, Gll^Fdf, Gg^Es, Rb, Gd^Ve, Gll^Fdf, Gg^Qhuf, Dd^Qhu, Wwg^Ewl, Wwrg, Wwrg, Wwrg, Wwg, Ss^Qhu
Hh, Gg^Edpp, Ce, Ket, Ce, Rp, Rp, Rb, Gll^Fmf, Hh, Hh^Fdf, Hh^Fdf, Hh^Fdf, Gg, Gll^Fdf, Hh, Gg, Hh^Fdf, Gg^Em, Gg^Qhuf, Gg^Qhu, Gg^Qhu, Gs, Ds^Qhu, Wwg, Wog, Wwg, Ss^Ewl, Ss^Qhu
Hh^Fdf, Gg^Edpp, Gg^Edpp, Ce, Gd^Em, Rp^Ve, Rb, Hh^Fdf, Gg^Fmf, Hh^Efm, Mm, Mm, Mm, Hh^Fdf, Hh^Fmf, Gd^Feth, Gg^Es, Hh^Fdf, Gg^Em, Gg, Gll^Fdf, Gs, Hh, Gg^Qhuf, Gg^Qhu, Wwg^Ewf, Wwg^Wkf, Wwg^Ewf, Wwg
Gg, Hh^Fdf, Gg, Gg, Gg, Gll^Fdf, Rb, Gg^Fmf, Gg, Hh, Gg, Mm, Mm, Mm, Gg^Fmf, Gd, Gg, Gll^Fdf, Gg, Hh^Fdf, Gll^Fdf, Gg^Em, Gg, Gs, Gg, Gg^Qhu, Gg^Qhu, Wwg^Wkf, Wwg
