Xu, Xu, Xu, Xu, Xu, Xu, Xu, Xu, Xu, Xu, Xuf, Xu, Uu, Xuf, Xu, Xu, Uu^Dr, Uue, Uu^Dr, Xu, Xu, Xu, Xu, Xu, Xu, Uu, Uu, Uu, Xu, Xu, Xu, Xu, Qxu, Qxu
Xu, Xu, Xu, Xuf, Uu^Vu, Xu, Uu^Qhu, Xuf, Xur, Xu, Uu^Dr, Xu, Uu, Xu, Xu, Xur, Uue^Em, Uue^Em, Uue^Em, Uu^Qhh, Uue^Qhh, Uu^Qhh, Uue^Em, Xur, Uu^Dr, Xur, Xu, Xuf, Xur, Uu^Qhu, Uu^Em, Uu^Qhu, Qxu, Qxu
Xuf, Xuf, Uu^Dr, Xu, Xur, Uue^Em, Uhe^Em, Xu, Uue^Qhu, Uu^Em, Xur, Xu, Xuf, Xur, Uu^Dr, Uue, Uhe, Uue^Qhu, Uue^Qhu, Uue^Em, Xu, Uu^Vu, Uhe^Em, Uhe^Emf, Uue^Em, Xur, Uue^Em, Uu^Qhh, Uue^Qhu, Uue^Dr, Uue^Qhh, Qxu, Qxu, Qxu
Xuf, Xu, Uu^Qhu, Xu, Uu^Qhh, Uhe^Emf, Tb^Em, Uue^Em, Xu, Uh^Em, Uu^Vu, Xu, Uu^Qhh, Xu, Xur, Uue^Qhh, Uhe, Uhe^Qhh, Uue^Qhu, Uue, Xu, Uu^Qhu, Uue^Qhu, Uue^Em, Uu^Es, Uue, Uu^Vu, Uue^Em, Uhe^Em, Uhe^Em, Uue^Qhh, Qxu, Uu^Qhh, Qxu
Uu^Dr, Xu, Xu, Uue^Qhh, Qxe, Uue^Em, Uu^Es, Xur, Xu, Uue^Efs, Uue^Em, Tb^Em, Uu^Dr, Xu, Uu^Em, Xur, Ko, Co, Ko, Uu^Vu, Xu, Uu, Xuf, Xu, Xu, Xu, Xu, Uue^Efs, Uue, Uhe, Uue^Em, Uue^Qhh, Xur, Xu
Uu^Dr, Xu, Xu, Uu^Qhh, Uu^Em, Qxu, Uue^Em, Uu^Qhh, Xuf, Uu, Xur, Xu, Xu, Xur, Uue^Qhh, Uue^Qhu, Co, Ko^Efs, Co, Uu^Em, Xur, Xu, Uu^Edb, Xu, Uue^Es, Uu^Dr, Uhe, Uue, Xu, Uue^Qhh, Uue^Qhu, Uu^Dr, Uu^Dr, Xu
Qxu, Uu^Qhu, Xu, Uue^Em, Uu^Vu, Tb^Em, Uu^Emf, Xu, Xu, Xu, Uu^Qhu, Uh, Xuf, Uu^Es, Uue^Es, Uhe^Em, Qxe, Ko, Uue^Qhu, Uue^Dr, Uue^Edb, Uue^Edb, Xur, Uue^Es, Uue^Dr, Xu, Uu^Es, Uue, Xuf, Uue, Uue, Xu, Xuf, Xu
Qxu, Qxe, Uu^Es, Uhe, Uue^Em, Uue^Em, Uue, Xur, Xur, Uue^Emf, Tb, Xu, Xu, Xur, Uue^Dr, Re^Es, Uue^Em, Uue^Em, Uue^Dr, Uue^Qhu, Uhe^Em, Uhe^Qhh, Xur, Re^Es, Uhe^Vu, Xur, Xu, Xur, Xu, Xu, Uhe, Uu, Xur, Xu
Qxu, Qxe, Qxe, Uue^Es, Xur, Xu, Uu^Dr, Uue^Em, Uue, Uhe, Uue^Dr, Xur, Tb^Em, Uue^Edpp, Re^Em, Uue^Edpp, Uue^Qhu, Uu^Vu, Xur, Xu, Uhe^Em, Uhe^Em, Re^Dr, Uue^Em, Uhe^Emf, Tb^Em, Uue^Em, Tb, Xur, Uu^Em, Uue^Qhh, Xu, Uu^Dr, Uu
Qxu, Qxu, Uu, Tb, Xu, Xur, Uhe^Es, Xur, Uue^Em, Uue^Em, Uue^Em, Xu, Rb^Qhh, Rb^Emf, Rb^Em, Rb^Em, Rb^Em, Uhe^Em, Re^Qhh, Tb, Rb^Em, Rb^Em, Rb^Em, Tb^Em, Uue^Em, Uue^Edb, Re, Uue^Emf, Tb, Xur, Uue^Em, Xur, Xu, Uu
Xur, Xur, Uhe, Uue, Xuf, Uue, Uue^Em, Uue^Em, Xu, Re^Em, Uhe, Re^Edpp, Rb^Em, Wwg^Ewf, Wog^Wkf, Wwg^Es, Rb^Em, Rb^Em, Rb^Em, Rb^Em, Wog^Ewl, Wwrg, Wwg^Es, Rb^Em, Re^Qhh, Xur, Xu, Uhe, Uue^Dr, Xur, Xu, Uu^Vu, Xur, Xu
Xu, Uue^Qhu, Uue^Es, Xur, Xur, Uu^Dr, Xu, Uue^Dr, Xu, Xur, Rb^Qhh, Rb^Edpp, Wwrg, Rb^Em, Wwrg, Wog^Ewl, Wog^Wkf, Wwg^Es, Wog^Wkf, Rb^Em, Wog^Wkf, Wog^Es, Rb^Edpp, Rb^Em, Tb, Re^Em, Uu, Uue, Uu, Xu, Uu^Qhh, Uue^Em, Xu, Xu
Xuf, Xu, Tb, Uu^Qhh, Xu, Xur, Xu, Re^Em, Tb, Uu^Vu, Rb^Em, Wwg, Wog^Wkf, Wog^Es, Wog, Rb^Vu, Wwrg^Efs, Wog, Rb^Em, Wog^Ewf, Rb^Em, Wog^Es, Rb^Em, Re^Em, Xu, Uue^Emf, Uue, Qxu, Uue^Dr, Xu, Xu, Uue^Qhh, Xur, Uu^Dr
Xu, Uu^Qhh, Uhe^Em, Uue^Em, Uue^Edb, Uu^Dr, Xu, Xuf, Xu, Xu, Tb, Xu, Rb^Qhh, Wwrg, Wwg^Ewf, Wog^Wkf, Rb^Em, Wwg^Es, Rb^Qhh, Rb^Em, Rb^Em, Wwrg, Rb^Em, Re^Vu, Uue^Em, Re, Uue, Uhe, Tb, Uhe, Uue^Em, Uue, Xu, Xu
Xu, Xur, Uu^Vu, Uue^Qhu, Uhe^Em, Xu, Tb^Em, Uu^Dr, Uhe^Qhu, Xur, Xu, Xuf, Xu, Rb^Edpp, Rb^Em, Rb^Em, Xu, Rb^Em, Re^Em, Xu, Re^Em, Rb^Em, Re^Qhh, Uue^Qhu, Re^Edb, Uue, Co, Ko, Co, Uue^Vu, Uhe^Efs, Uu^Qhu, Xu, Xu
Xu, Uu^Em, Xur, Uhe^Em, Co, Uue^Em, Xu, Uue^Emf, Uue^Em, Xur, Uu^Dr, Uu^Es, Qxu, Uu^Qhu, Xur, Re^Em, Uue^Dr, Uue, Xuf, Xu, Uue^Dr, Uue, Uue^Emf, Tb, Uhe^Es, Uue, Ko, Ko^Efs, Ko, Uue, Xu, Uu, Xuf, Uu
Uu, Xu, Xur, Ko, Ko^Efs, Ko, Xur, Uhe^Qhh, Uu^Vu, Xu, Uhe^Em, Uu^Em, Qxe^Bw\r, Qxu, Tb, Uue, Re, Xu, Uu^Vu, Xur, Uu^Dr, Qxe, Uu^Em, Uue, Uue, Uhe^Em, Uue, Co, Uue, Uue, Uue^Es, Xur, Uu^Dr, Xu
Xu, Xu, Xu, Co, Ko, Co, Xu, Xu, Xur, Uue^Qhu, Uue^Em, Uhe^Em, Qxu, Uue, Uhe^Em, Uhe, Uue^Edb, Uue^Qhu, Uu^Qhu, Xur, Xuf, Uu, Xu, Xur, Uue^Edb, Uue^Em, Uu^Vu, Xur, Xur, Xur, Uu, Uue^Es, Uue^Es, Xu
Xu, Xu, Uu^Dr, Uue, Uu, Uue^Edb, Uu^Dr, Uu^Dr, Xu, Uu^Dr, Xu, Qxu, Uu^Dr, Xur, Tb, Uue^Em, Uu^Dr, Xur, Xu, Xu, Uu, Xu, Xuf, Uu^Qhu, Uu^Qhu, Uue, Xu, Uu^Qhu, Xu, Xur, Xu, Xu, Uu^Es, Uu
Xu, Xu, Uue, Xu, Xu, Xu, Xuf, Xu, Uu, Xu, Xu, Xu, Xu, Xu, Xu, Xu, Xu, Xu, Xu, Uu^Qhh, Uu, Xu, Xu, Xu, Xu, Xuf, Xu, Xuf, Uu, Uu, Uu, Xuf, Xu, Uu
