Gg^Gvs, Gg^Gvs, Gg^Gvs, Gs^Fp, Gg, Gs^Fp, Gs^Fp, Gg, Gs^Fp, Gs^Fp, Gs^Fp, Gs^Fp, Hh, Gs^Fp, Gs^Fp, Gs^Fp, Gs^Fp, Hh, Gg^Qhh, Hh^Fp, Rp, Gg^Qhh, Gg^Qhh, Gg, Gs, Gs^Qhh, Gs^Qhh, Ww, Ww, Wo, Wo
Wo, Re^Wm, Ww^Wkf, Re, Re, Gg, Gg, Gs^Fp, Gs^Fp, Gs^Fms, Gs^Fms, Gs^Fp, Hh^Fp, Gs^Fp, Gs^Fp, Gs^Fp, Gs^Fms, Gs^Fp, Gs^Fms, Gs^Fp, Rp, Gg^Qhh, Gg, Gg^Qhh, Gg^Es, Gg, Gs, Rb, Ww, Wo, Ww
Wo^Wkf, Wo, Ww, Ww^Ewl, Gs^Fp, Gs^Fp, Hh^Efm, Gs^Fp, Gs^Fms, Gg, Gg^Efm, Rb, Gs^Fp, Gs^Fp, Rp^Ve, Gg^Efm, Gs, Gg^Efm, Re, Rp, Rp, Gs^Fms, Gs^Fms, Gs^Fms, Gs^Fms, Gg^Efm, Gg, Rb, Gs, Ww^Wkf, Ww
Gs^Fp, Ww^Ewf, Re^Fp, Ww^Wkf, Re, Hh^Fp, Gs^Fp, Rb, Gg, Gg, Hh^Efm, Gg, Gs, Gs, Hh, Re, Rp, Rp, Hh^Efm, Gs^Fp, Gg, Re, Rp, Gg, Gs^Fms, Gs^Fp, Gg, Gg, Gs, Rb^Fp, Gs^Fp
Gs^Fp, Gs^Fp, Gs^Fp, Hh^Fp, Hh^Es, Re, Gg, Gg, Gs^Fms, Gs^Fms, Gs^Gvs, Gs^Gvs, Gs^Gvs, Gs^Es, Mm, Rp^Es, Gs^Es, Gg^Efm, Gg, Gs^Fp, Gs^Fp, Rp^Ve, Gg, Re, Re, Re, Re, Gg, Gs^Fp, Gs^Fms, Gs^Fp
Gs^Fp, Gs^Fp, Gs^Fp, Hh^Fp, Gg, Re, Gg, Gs^Fms, Gg, Gs^Fms, Gs, Gs^Gvs, Gd, Hh, Chr, Rp, Gs^Es, Hh^Efm, Hh, Gg^Es, Hh^Es, Hh, Gs^Fp, Gs^Fms, Gg, Gs^Fp, Re, Gg, Gg^Eff, Gs^Fms, Gs^Fp
Gs^Fp, Gs^Fp, Gs^Fp, Gs^Fms, Gg^Efm, Re, Re, Gs^Fp, Gs^Fms, Gs, Re, Rp^Ve, Chr, Chr, 1 Khr, Rp, Gd, Gs^Fp, Gg, Gg^Efm, Gs^Fp, Hh^Efm, Gs^Fms, Rb, Gg, Gg, Re, Gg^Es, Gg^Eff, Gs^Fp, Gg
Ww, Re^Fp, Gs, Re^Fp, Gs^Fp, Gs^Fms, Re, Re, Re, Re, Gs^Eff, Re, Gd, Chr, Chr, Chr, Gs, Gs, Gg, Hh^Fp, Gs^Fp, Hh^Fp, Hh^Fp, Gs^Fp, Re^Fp, Gg^Es, Gs, Re, Rp, Gg^Eff, Gs^Fp
Ww, Rb, Ww, Ww^Wkf, Ww^Ewf, Re^Fp, Rp^Ve, Gs^Fmf, Gs^Fmf, Gs^Fmf, Gg^Eff, Gs^Eff, Gs, Hh, Hh^Efm, Gd, Gs^Fp, Gs^Fms, Hh^Fp, Gs^Fp, Hh^Fp, Gg^Ve, Rb, Gs^Fms, Ww^Ewl, Ww, Ww, Re, Gs^Efm, Rp^Ve, Gs^Fp
Ww^Wkf, Ww, Ww^Wkf, Ww, Ww, Ww^Bw/r, Ww^Wkf, Gs^Eff, Gs^Eff, Gg^Eff, Gs^Fms, Gs^Fms, Gs^Fms, Gs, Gs, Gs, Hh^Es, Gg, Gg, Hh, Rb, Rb^Fp, Ww, Ww^Wkf, Ww, Ww^Wkf, Ww, Re, Re, Gg, Gs^Fp
Wo, Ww, Wo^Wkf, Wo, Wo^Wkf, Ww, Ww, Rb, Ww^Ewl, Gs^Fms, Gs^Fms, Gs^Fms, Gg^Efm, Gs, Rb, Gs, Gs^Fp, Hh, Gs^Fms, Hh^Es, Ww^Es, Ww^Ewf, Ww, Wo, Wo^Wkf, Wo^Wkf, Wo, Ww^Wkf, Re, Gs^Efm, Gg^Efm
Wo, Wo, Wo, Wo, Wo, Ww, Ww^Wkf, Ww^Bw\r, Rp^Ve, Gs, Gs^Fp, Gs^Fp, Gg, Gs, Gg^Efm, Gg, Gg, Gg, Gs^Efm, Ww^Es, Ww^Es, Wo, Wo^Wkf, Gs^Efm, Gs^Ve, Wo, Wo, Ww, Ww, Re, Gg
Wo, Wo^Wkf, Wo, Wo^Wkf, Wwr^Wkf, Ww, Rb, Rb, Re, Gs^Fp, Gg, Gs^Fms, Gs^Fp, Gs^Fp, Gs^Fp, Gg^Fp, Gg^Efm, Gg, Rb, Rb, Ww, Wo, Wo, Wo^Es, Gs^Efm, Wo^Es, Wo^Wkf, Ww, Ww^Wkf, Re, Gs^Fms
Ww, Wo, Wo^Wkf, Wo^Es, Wo, Wwr^Es, Hh, Gs, Gg^Es, Re, Re, Gs^Fp, Hh, Hh, Mm, Gs^Fp, Gg^Es, Gs, Rb, Ww^Wkf, Ww^Wkf, Wo^Wkf, Wo, Gs^Fds, Hh, Hh^Fds, Wo, Wo^Wkf, Ww, Re, Gs^Fms
Ww, Ww^Wkf, Ww, Ww, Ww, Wwr, Wwr^Es, Hh, Hh^Es, Hh, Hh^Vhh, Gs^Fp, Mm, Gs^Fp, Hh, Hh^Fp, Hh, Gs^Fp, Rb, Ww^Wkf, Ww, Ww, Wo, Wo^Es, Gs^Ve, Wo^Es, Wo^Wkf, Wo, Ww^Wkf, Rp, Gg
Rb, Ww, Ww^Bw/r, Rb, Ww^Ewf, Rb, Rp^Ve, Hh, Mm, Mm, Mm, Hh, Hh, Hh^Fp, Mm, Mm, Gs^Fp, Gs^Fp, Gs^Fp, Ww^Ewl, Ww, Wo, Wo^Wkf, Wo, Wo, Wo, Wo^Wkf, Ww, Ww, Re, Gg
Re, Rb^Ve, Ww, Rb, Rb, Gs, Re, Rb^Gvs, Hh^Es, Mm, Mm, Mm, Hh^Vhh, Mm, Mm, Mm, Hh^Es, Hh^Efm, Re, Rb, Ww^Wkf, Ww^Wkf, Ww, Ww, Ww, Wo, Wo, Ww, Ww^Bw\r, Rp, Hh
Ww, Ww, Ww^Ewl, Wo, Rb^Gvs, Rb^Gvs, Re, Gg, Gs^Fp, Gs^Fp, Gs^Fp, Hh^Efm, Hh^Es, Mm, Mm, Mm, Mm, Hh^Vhh, Hh, Re, Rb^Gvs, Rb^Wm, Ww^Wkf, Rb, Ww, Wo, Ww^Wkf, Ww, Rp, Rp^Ve, Hh^Fp
Gs, Rb, Gs^Efm, Rb, Rp^Ve, Re, Gg^Efm, Gs^Fms, Gs^Fp, Gg^Efm, Hh^Es, Hh^Fp, Ww, Mm, Mm, Mm, Hh^Fp, Hh, Gs^Fp, Re, Re, Rb^Gvs, Rp, Ww^Wkf, Ww, Ww, Ww, Rb, Hh, Re, Hh^Fp
Ww, Rb, Gs, Gs, Re, Gg, Gs^Fp, Gs^Fp, Gs^Fp, Hh^Efm, Mm, Hh^Es, Mm, Hh^Es, Mm^Efm, Mm^Efm, Mm, Mm, Mm, Gs^Fp, Gg^Es, Re, Re, Re^Ve, Ww, Ww^Wkf, Re, Ww^Ewf, Re, Re, Gs^Fp
Wo, Wwr^Es, Hh, Hh, Gs, Re, Gg^Efm, Gs^Fms, Gs^Fp, Gs^Fp, Mm, Hh^Fp, Hh, Hh^Fp, Hh^Es, Mm, Mm^Efm, Hh, Gs^Fp, Gs^Fp, Gs^Fp, Gs^Fp, Re^Eb, Ww, Ww^Bw/r, Ww^Bw/r, Ww^Wkf, Re, Re^Ve, Gs^Fp, Gs^Fp
Wo^Es, Wo^Es, Wwr^Es, Wwr^Es, Gs^Fp, Re, Gs^Fms, Gs^Fp, Gs^Fp, Hh, Hh, Hh^Fp, Mm, Mm, Mm, Hh^Fp, Hh, Hh, Hh^Efm, Gg^Es, Gs^Fp, Gg, Rp, Rp, Ww, Ww^Ewl, Ww^Ewl, Rb, Gs^Fms, Gs^Fp, Gs^Fp
Ww, Ww, Ww, Rb, Gg, Re, Re, Re, Re, Gs^Fp, Gg^Efm, Gs^Es, Gs^Fp, Hh, Hh, Gs^Fp, Gs^Fp, Gs^Fp, Gs^Fp, Gs^Fp, Re, Re, Gg, Gg^Eb, Ww, Ww, Gs, Rb, Re, Gs^Fp, Hh^Fp
Rb, Gg^Qhu, Gg^Efm, Rb, Re, Re, Gg, Gs^Fms, Gs^Fp, Re, Chr, Gs, Gs^Fp, Gg^Es, Hh, Gg^Efm, Rp, Chr, Re, Rp, Gs^Fms, Gg, Rb, Gs, Ww, Rb^Eff, Gg^Eff, Gs^Fp, Re, Gs^Fp, Hh
Rb, Rb, Gg^Efm, Re, Gs^Fms, Gs^Fms, Hh, Hh, Gs^Fp, Chr, Chr, 2 Khr, Rp, Hh^Es, Hh, Rp, Gs^Fp, Rp, Gg, Gg^Efm, Rb, Gg, Rb, Ww^Wkf, Ww^Ewf, Rp^Ve, Re^Eff, Re^Eff, Gs^Fp, Hh, Hh^Fp
Rb^Eff, Rb^Eff, Rb^Eff, Re^Ve, Rb, Gg, Gs^Fms, Gs^Fp, Gs^Fp, Hh, Gd, Chr, Chr, Rp, Rp, Rp, Hh, Hh, Gs^Fp, Re^Fp, Ww, Ww^Ewl, Ww, Ww, Wo, Wo, Wwr^Es, Rb, Hh, Hh, Hh^Fp
Re^Eff, Re^Gvs, Re^Eff, Rb, Rb, Gs^Fms, Gs^Fms, Hh, Hh, Gs^Es, Rb, Gd, Gs, Gd, Gs^Efm, Gg^Es, Gs^Es, Mm, Mm, Wwr^Es, Ww^Es, Ww^Wkf, Wo, Wo^Wkf, Wo, Ww^Wkf, Wo^Es, Wwr^Es, Hh, Mm, Mm
Gg, Re^Eff, Gg, Rb, Gg, Gs^Fms, Hh^Fp, Hh^Fp, Gs^Fp, Hh^Fp, Hh^Fp, Hh^Fp, Gg, Gg, Hh^Fp, Gg, Hh, Hh, Hh, Wwr^Es, Wo, Wo, Wo, Wo, Wo, Wo, Wo, Wwr^Es, Hh, Mm, Mm
