Ha, Aa, Ai, Aa, Ha, Aa, Ha, Aa, Ha, Aa, Ms, Ha, Ms, Ms, Ha, Aa, Ha, Aa, Ha, Aa, Ms, Ms, Ms, Aa, Ai, Aa, Rb, Gg, Aa, Rb, Rb, Gg, Gg, Rb, Gg, Gg, Hh, Hh, Hh, Mm, Mm, Mm, Mm, Mm, Mm, Hh, Hh, Hh, Mm
Aa, Aa, Ha, Aa^Esa, Aa, Aa, Ai, Ha, Aa, Ha, Ha, Ha, Ms, Ha, Ms, Ha, Ms, Ms, Ms, Ha, Ai, Ha, Ha^Es, Ms, Aa, Aa, Rb, Aa^Esa, Gg, Gs, Gg, Rb, Rr, Rb, Gs, Hh, Hh, Hh^Fp, Hh, Mm, Mm, Hh^Fp, Mm, Mm, Mm, Mm, Mm, Mm, Hh
Ha, Aa, Ha^Es, Ha, Aa, Ha, Ai, Ha, Aa, Ha, Aa^Esa, Ha, Rra^Vha, Ms, Ms, Ha, Ms, Ms, Rra^Vha, Ha, Ms, Ha, Aa, Ha, Aa, Aa, Aa, Rb, Rb, Aa, Gg^Es, Gg, Rb, Gg^Efm, Hh, Hh, Hh^Es, Mm, Hh^Fp, Mm, Mm, Mm, Hh^Fp, Hh, Mm, Mm, Mm, Mm, Hh
Ai, Aa, Ha, Aa, Aa, Aa, Aa, Aa, Gg, Aa, Aa, Ms, Ha, Rra, Cha, Rr, Cha, Rra, Ms, Rra, Aa, Aa, Aa^Esa, Aa, Aa, Gg, Gg, Rr^Ve, Rb, Gg^Efm, Gg, Gs^Edp, Rb, Gg^Fp, Gg, Hh^Fp, Hh^Fp, Hh^Fp, Mm, Mm, Mm, Mm, Mm, Mm, Hh, Mm, Mm, Mm, Mm
Ai, Ww, Ai, Aa, Ai, Aa^Esa, Ai, Aa, Aa, Aa, Aa, Ms, Aa, Ha, Cha, 2 Kha, Cha, Ms, Ha, Rra, Rrc, Gg, Aa, Gs, Rr, Gg, Aa, Gg, Gg^Edp, Rb, Rb, Rb, Gg, Hh^Fp, Hh^Fp, Hh, Hh^Fp, Hh^Fp, Mm, Mm, Hh, Hh, Mm, Mm, Mm, Mm, Mm, Hh^Fp, Hh
Ww, Ai, Ww^Wkf, Ai, Ww, Ai, Ww, Ai, Ai, Aa, Gg, Aa, Gg, Ms, Rra, Cha, Aa^Vha, Ha, Ha, Aa^Es, Rra, Aa, Rrc, Rb, Aa, Rr, Rb, Gg, Rb, Rr, Gg^Fp, Gg, Hh^Fp, Gg^Fp, Gg^Fp, Hh^Fp, Hh, Hh, Hh, Mm, Hh, Mm, Mm, Mm, Mm, Mm, Mm, Hh, Hh
Ai, Ai, Ww^Bw\, Ai, Wo^Wkf, Ww, Ai, Ai, Wo, Ai, Ww, Gg^Ebn, Aa, Aa^Vha, Ha, Ms, Ha, Ha, Aa, Aa^Esa, Aa, Rrc, Aa, Gg, Aa, Gg, Aa, Rr, Rb, Gg, Gg, Gg^Fp, Gg^Fp, Gg^Feth, Hh, Hh^Fp, Hh, Mm, Hh^Es, Mm^Es, Mm, Hh, Mm, Mm, Mm^Fp, Hh^Fp, Hh^Fp, Hh, Gg
Ww, Gg, Ai, Ww, Ai, Wo, Wo, Wo, Ai, Wo^Wkf, Wo, Ww^Ewf, Rb, Ha, Aa^Vha, Ha, Ha, Ha, Ms, Aa, Aa, Gg, Aa, Aa, Gg, Gg, Gg, Rr^Vh, Rr, Gs, Gg^Es, Gg^Fp, Gg^Fp, Hh, Hh, Hh^Fp, Hh, Mm, Hh, Hh^Fp, Mm, Mm, Hh^Fp, Mm, Hh^Fp, Hh^Fp, Gs, Hh, Gg
Aa, Ww^Wkf, Ai, Wo^Wkf, Wo, Ww, Ww^Bw\, Ww, Ww^Wkf, Ww, Ww^Bw\, Ww, Ds, Rb, Gg, Gg, Aa, Aa, Ha, Ha, Aa, Aa, Gg, Aa^Esa, Gg, Aa, Gg, Gg^Edp, Rb, Gg, Gg, Gg, Gg^Fp, Gg^Fp, Hh, Hh^Es, Hh, Hh^Fp, Hh, Mm, Mm, Hh^Fp, Hh^Fp, Hh^Dr, Hh, Gs^Fp, Gg^Efm, Gs, Gg
Aa, Aa, Gg, Ww, Ww^Wkf, Ww, Ds, Gg, Ww^Bw\, Ww^Wkf, Ds, Rb^Ve, Rb, Rb, Gg, Aa, Gs, Aa, Aa^Esa, Aa, Gg, Aa, Aa, Gg, Gg, Aa, Gg, Gg, Rb, Gg^Edp, Gg, Hh, Gg, Gg, Hh^Fp, Hh^Fp, Hh, Mm, Hh^Fp, Hh^Es, Hh^Dr, Hh^Fp, Hh, Hh^Fp, Gg, Gg, Hh, Gg^Fp, Ds
Gg, Aa, Gg, Ds, Gg, Ds, Gg^Efm, Ww^Ewf, Ds, Gg, Rb, Rb, Rb, Aa, Gs^Fp, Gg, Gg, Aa, Gg^Esa, Aa, Aa, Gg, Gd^Eff, Gg, Rb^Vh, Rb, Rb, Aa, Rb, Gs^Es, Gg, Gg, Ww, Gs, Gg^Es, Gg, Hh^Fp, Hh, Hh, Hh^Fp, Hh, Hh^Es, Hh^Fp, Hh, Gg^Fp, Hh, Gs^Ftd, Ds, Ds
Gs^Fp, Gg, Gs, Aa, Gg^Es, Hh^Efm, Gg, Gg, Gg, Rb, Gs^Fp, Gs, Gg^Es, Rb, Rb^Vh, Gs^Fp, Aa, Gg, Gg^Fp, Aa, Gd^Eff, Gd^Eff, Sm^Emf, Gd^Eff, Gd^Eff, Gg, Aa, Rb, Gs, Rb, Gg, Ww, Hh, Gs, Hh, Hh^Fp, Hh, Hh^Fp, Hh^Fp, Hh^Fp, Hh^Fp, Hh^Fp, Hh^Fp, Hh, Gg^Fp, Gg^Fp, Ds, Dd, Ww
Gs^Fp, Gg^Efm, Gs, Gs^Fp, Gs^Fp, Gg, Gs, Re^Fp, Hh, Rb, Gg, Gg, Gs, Rb, Gg, Gg, Gg, Gg, Gg, Gg, Gg^Eff, Gd^Eff, Sm^Emf, Sm^Emf, Gd^Eff, Gg^Eff, Gg, Gg, Gg^Edp, Rb, Rb, Gg, Gg, Gg, Ww, Hh^Es, Hh^Fp, Hh^Fp, Hh, Hh^Fp, Gg^Fp, Hh^Fp, Gg, Gg, Dd, Ss^Ftd, Ww^Ewl, Ww^Wkf, Ds
Gg^Qhh, Gg^Edp, Gg, Gg^Fp, Gg, Gs^Fp, Rb, Rb, Rb, Rb, Gg^Edp, Gs, Gs^Efm, Rb, Rb, Gs^Fp, Gg^Fp, Gg^Fp, Gs, Aa, Gg^Fp, Gg^Eff, Gg^Eff, Gg^Eff, Gg, Gg, Gg, Gg^Efm, Gg, Gs, Rb, Gg^Fp, Gg, Gg, Gg^Fp, Hh, Hh^Es, Hh, Hh^Fp, Hh^Fp, Gg^Fp, Gg^Fp, Hh^Fp, Hh^Fp, Ds, Ww, Wo, Ww, Ww
Gg^Qhh, Hh, Hh, Gs, Gs^Fp, Gs^Es, Rb, Gg^Fms, Gg, Gs^Fp, Gg, Gg, Gg^Fp, Gg, Rb, Gg, Gs, Gg, Hh, Gg, Gg, Gg, Gg, Gg^Es, Gg, Gs, Gs, Gg, Gs, Gg^Es, Gg, Rb, Gg, Hh^Fp, Hh, Gg, Gs, Hh^Es, Hh, Gg^Fp, Ss, Ds, Ww, Gg^Fp, Ww, Ww, Ds, Ds, Ds
Hh, Hh, Gg^Efm, Gg, Rb^Fms, Rb, Gs^Fp, Gg, Hh, Gs^Fp, Hh, Gg, Gg^Fms, Gs^Fp, Gg, Rb, Rb^Vh, Gs^Fp, Gs^Fp, Gs^Fp, Gs^Fp, Gg, Gs^Es, Gg, Gg^Efm, Gg, Gg, Gg, Hh, Gg, Gg^Edp, Rb, Gg, Gg, Gg, Gg, Gg^Fp, Gg, Hh, Gg^Fp, Ds, Ww^Wkf, Ww, Wo, Wo, Ww, Ww^Wkf, Dd, Ds
Gs^Fp, Gg, Rb^Ve, Rb, Rb, Rb, Gg, Gs^Fp, Gd, Gs, Gg^Fp, Gg, Gg^Fp, Gg, Gg, Gg, Gs^Fp, Gs^Fp, Gg, Gg, Gg, Gg, Gg, Gg, Gg, Gg, Gg, Gd, Gg, Gg, Rb, Rb, Rb^Ve, Gg^Fp, Gg, Gg^Fp, Gg, Gs, Gg, Gg, Gg^Ftd, Ww, Wo, Ww, Ww, Ww, Ww, Ww, Ww
Gg, Gs^Fp, Gs^Fp, Rb^Fp, Gg^Efm, Gg^Es, Gs^Fp, Gg^Fp, Gs^Fp, Gs, Gg^Fp, Gg, Gs, Gg, Gs^Fp, Gg^Edp, Hh, Hh, Hh^Es, Gg, Gg, Gs^Fp, Gg, Gg, Gs, Gg, Hh, Gg^Es, Gg^Edp, Gg, Rp, Rb, Gg, Gg, Gs, Gg, Dd, Gg^Fp, Gg^Fp, Dd, Wo, Ww, Ww^Ewf, Ds, Gg^Ftd, Dd, Ds, Ww^Ewf, Ww
Gs^Fp, Gs^Fp, Gs^Fp, Gs^Fp, Gs^Fp, Gg, Gs^Fp, Gs^Fp, Hh^Fp, Gs^Fp, Gs^Fms, Gg^Fp, Gg, Gs^Efm, Gg^Fms, Gg, Gg, Gg, Gs^Fp, Gg, Gs, Gg, Rb^Vh, Rb, Rb, Rb, Rb, Gg, Rb, Rb, Gg^Es, Gg^Edp, Gg, Dd, Ww, Gg, Ds, Ww^Ewf, Ww^Wkf, Ww, Wo, Ww, Ww, Gg^Ftd, Gg^Fp, Gs, Dd, Ww^Wkf, Ww
Gs^Fp, Gs^Fp, Gs^Feth, Gs^Fms, Gs^Fp, Gs^Fp, Gs^Fp, Gs^Fp, Gs^Fp, Gs^Fp, Gs^Fp, Hh^Fp, Gg, Gg, Gg, Gg, Gg^Fms, Gg, Gs, Gg, Hh, Gg, Gg, Gg, Gg, Gg, Gs, Rb, Rp, Rb^Ve, Gg, Gg, Gg, Ds, Ww, Ww^Wkf, Ww, Ww, Ww, Wo, Ww^Wkf, Ww, Ds, Dd, Gg^Fp, Gg^Fp, Gg^Fp, Ds, Ds
Gs^Fp, Gd, Gs^Fp, Hh^Fp, Gs^Fp, Gs^Fp, Gs^Fp, Gs^Fms, Gs^Fp, Hh^Fp, Gs^Fp, Gs^Fp, Gg^Fp, Gg^Fp, Gg^Efm, Gg, Hh^Fp, Hh, Gg, Gg, Gs^Fp, Gg, Hh, Hh, Gg, Hh, Gg, Gg, Rp, Rp, Ww, Ds, Ds, Ww, Dd, Ds, Ww, Wo, Ds, Wwr, Ds, Gs^Ftd, Gg, Hh^Fp, Gg^Fp, Gg, Gll^Feth, Gg^Fp, Gg
Gg, Gs, Hh^Fp, Gs^Fp, Gs^Fp, Gg^Ve, Gg^Efm, Gs^Fp, Gs^Fms, Gs^Fp, Gg, Gs^Fms, Gs^Fp, Gg, Gg^Fp, Hh^Fp, Gs^Fp, Hh, Gs^Es, Gg, Gg, Gg, Gg, Hh, Gg, Gg, Gg, Rp, Ww^Bsb\, Wwr, Ds, Ww^Wkf, Dd, Ds, Dd, Ds, Ww, Ds, Gg^Efm, Gg^Fp, Hh, Gg, Hh^Fp, Hh, Gg, Hh, Hh, Hh^Fp, Gg
Gs^Fp, Gs^Fp, Gs^Fp, Gs^Fms, Gs^Fp, Gs^Fp, Gs^Fp, Gs^Fp, Gs^Fp, Gs^Fp, Gs^Fp, Hh^Fp, Gg, Gg^Efm, Gg, Gg^Fp, Gg^Edp, Hh, Gg, Gg, Gs^Fp, Gg, Gg, Gg, Ds, Ds, Ww, Ww, Rb^Ve, Rp, Gg, Ww, Ww^Ewl, Ww, Ww, Ds, Ww, Gg^Fp, Gg, Gs, Hh, Hh, Hh, Mm, Hh, Mm, Hh^Qhh, Hh^Dr, Hh
Gs^Fp, Gg^Efm, Ww, Hh^Fp, Gs^Fp, Gs^Fp, Gs^Fp, Gs^Fms, Hh^Fp, Gg, Gs^Fms, Gs^Fp, Gs^Fp, Gs^Fp, Gg, Gg, Gg, Gg^Es, Gg^Efm, Gg, Gg, Gg, Gg, Dd, Ww, Ww, Ww^Wkf, Wo, Rp, Rp, Gg, Ds, Gg, Gg, Ds, Ww, Ww^Wkf, Hh, Gg, Hh, Gg^Fp, Gg^Fp, Hh^Fp, Hh, Mm, Mm, Mm, Mm, Hh
Gs^Fp, Gg^Efm, Ww^Ewl, Ww^Wkf, Gs^Fp, Hh^Fp, Gs^Fms, Gs^Fp, Gs^Fp, Gs^Fp, Gs^Fms, Gs^Fp, Gg^Em, Gs, Gg^Efm, Rb^Ve, Gg, Gs, Rb, Gg, Gg, Gg, Ww, Ww, Wo, Wo, Ds, Ww, Rb, Gg^Edp, Gg, Gg, Gs^Efm, Gg, Gg^Fp, Dd, Ww, Hh, Gg, Gg, Gg^Fds, Gg, Hh, Hh, Hh, Mm, Mm, Hh^Fp, Hh
Gs^Fp, Gs^Fp, Gs^Fp, Gs^Fp, Gs^Fp, Hh^Fp, Gs^Fp, Gs^Fp, Gs^Fp, Gs^Fp, Gs^Fp, Gs^Fp, Gs^Fp, Gg, Gg^Fp, Rb, Rb, Rb^Efm, Gs^Fp, Rb^Vh, Gg, Dd, Wo, Ww, Ds, Ww, Gg, Gg, Rp, Gs, Gg^Edp, Gg, Gg^Fp, Ww^Wkf, Hh, Gg, Gg, Ww^Ewl, Ww^Wkf, Ww, Ww, Hh, Gg, Gs, Hh^Fp, Hh, Hh^Fp, Hh, Mm
Gg, Gs^Fp, Gs^Fp, Hh^Fp, Gs^Fp, Gs^Fms, Gs^Fp, Gg^Edp, Gg, Rb^Ve, Gg, Gs^Fms, Gs^Fp, Gg^Fms, Gg, Gs, Rb, Gg, Dd, Gg, Ds, Ww^Wkf, Ww, Ww, Ds, Gg, Gg, Gg, Rb, Gg, Gs, Gg, Ww^Wkf, Wo, Ww^Wkf, Gg^Fms, Gg^Fp, Gg^Fp, Gg^Fp, Gg^Fms, Ds, Ww^Ewf, Hh, Gg^Efm, Gg, Hh, Mm, Hh, Gg
Gs^Fp, Gs^Fp, Gs^Fp, Gs^Fp, Gs^Fp, Gg, Gg, Gs^Efm, Gs, Rb, Gs^Efm, Gg, Gs^Fms, Gg, Gg, Gs^Fp, Rb, Ds, Ww, Dd, Ww, Ww^Ewf, Gg, Dd, Gg, Gg, Gg, Rb^Ve, Rb, Gg, Gg, Gg, Hh, Wo, Ww, Gg^Fp, Gg, Gg^Fms, Gg^Fp, Gg, Gg, Wwr, Gg, Hh, Hh, Hh, Hh, Hh, Mm
Gs^Fp, Gs^Fms, Gs^Fp, Gs^Fms, Gg, Gs^Fp, Gs^Fp, Gs^Fp, Gd, Rb, Rb, Gg, Gg, Gg, Gg^Em, Rb, Ds, Ww^Ewl, Ww, Wo, Ww, Gg, Gs, Gg, Gg, Gs, Gs, Gg^Edp, Rb, Gg^Efm, Gg, Gg, Gg, Gg^Fms, Gg, Gs, Gg, Gg^Fds, Gg^Fms, Gg, Hh, Ww^Wkf, Ww, Hh, Mm, Hh^Qhh, Hh^Fp, Hh^Qhh, Hh^Qhh
Gs^Fp, Gs^Fp, Ww, Gg, Cv, Gg, Gg, Gs^Fms, Gs^Fp, Gs^Fp, Rb, Gs^Fp, Gg, Gs^Fp, Rb, Rb, Gs^Fms, Ww, Dd, Ww, Ds^Ftd, Gg, Gg, Gg, Gg, Gg^Efm, Rb^Eff, Gg, Gg, Rb, Rb, Gs^Edp, Gs, Gg, Gg^Fds, Gg^Fp, Gg, Gg, Gg, Gg^Fp, Hh^Fp, Gg^Fp, Mm, Wwr, Hh^Vhh, Mm, Hh^Dr, Hh^Qhh, Hh^Qhh
Gs^Fp, Gs^Fp, Gs^Fp, Cv, Cv^Efs, Cv, Isa, Gs^Fp, Gs^Fp, Rb, Gs^Fp, Rb, Rb, Gs^Fp, Rb, Rb^Ve, Gs^Fms, Ww, Wo, Ds, Gg, Gg, Gg, Gg^Wm, Rb^Eff, Rb^Eff, Rb^Emf, Rb^Eff, Rb^Eff, Gg, Gg, Rb, Gg^Fms, Gg, Gs, Gg^Fms, Gg, Gg^Fms, Gg, Gg, Gs, Gg^Fp, Mm, Wwr, Hh, Mm, Hh, Hh^Qhh, Hh
Gg, Isa, Cv, 3 Kv, Gs^Fms, Gs^Fms, Gs^Fp, Rb, Isa, Rb, Rb, Gs^Fds, Gs^Fms, Rb, Gs, Gs^Fp, Gs^Fms, Ww^Wkf, Ww, Ds, Gg, Gg, Gg, Gg^Efm, Gg, Rb^Eff, Rb^Eff, Rb^Gvs, Rb^Eff, Rb, Rb, Rb, Gg, Gg, Gg^Edp, Gg, Rb, Gg, Gg, Hh^Fp, Gg, Hh, Gg, Mm, Mm, Mm, Mm, Hh^Fp, Hh
Rb, Isa, Isa, Gs^Fp, Gs^Fms, Gs^Fms, Hh^Fp, Gs^Fms, Gg^Edp, Gg^Es, Gs^Fp, Rb^Fp, Gs^Fp, Gg, Gs^Efm, Gs, Gg, Gs^Fms, Ww, Ww^Wkf, Gg, Gs, Gg, Gg, Gg, Gg, Gg, Rb^Eff, Gg, Gg, Rb, Rp, Rb, Rb, Rp, Rb, Gg, Rp, Rp, Gg^Fms, Gg, Gg^Fp, Hh^Fp, Hh, Mm, Mm, Hh^Fp, Hh^Dr, Hh^Qhh
Gs^Fp, Gs^Em, Gs^Fds, Rb, Gs^Fp, Ww, Gs^Fp, Gs^Fp, Gs^Fms, Gs^Fp, Gs^Fp, Rb^Ve, Gs^Fp, Gg, Gs, Gg, Gs^Fms, Ds, Wo, Ww, Ds, Gg, Gg^Eff, Gg, Rp^Ve, Gg, Rb, Gg, Rb, Rb, Gg, Gs^Efm, Gg, Gg, Gg^Efm, Gg, Gg^Fms, Gg^Eb, Rb, Gg^Eb, Hh, Gs, Gg, Hh, Hh^Fp, Hh^Fp, Hh, Hh, Hh
Gs^Fp, Gs^Fp, Gs^Fms, Isa, Gs^Fms, Gs^Fp, Gs^Fp, Hh^Fp, Gs^Fp, Gs^Fp, Gg, Gg, Gg, Gg, Gg^Efm, Gg, Gs^Fms, Wwr, Ww^Wkf, Ww^Ewf, Dd, Gg^Eff, Gg^Eff, Rb^Eff, Rb, Rb, Gg, Rb, Gg^Edp, Gs, Hh, Gg, Gg, Gs, Gg, Gg, Gg, Rp, Chr, Rp, Gg, Gg, Hh, Hh, Hh, Hh^Fp, Hh^Fp, Mm, Hh
Gs^Fp, Gs^Fp, Rb^Ve, Rb, Gs^Fp, Gs^Fms, Gs^Fms, Gs^Fms, Gg^Edp, Gs^Fp, Gs^Em, Gg^Es, Gs^Fms, Gs^Fms, Gg, Ds, Ww, Ww, Rb, Rb, Gg, Gg, Gs, Gg, Rb, Gg, Gs, Gs^Efm, Gg, Gg, Gg^Efm, Gg, Gg^Fms, Gs, Gg^Es, Gg, Gg, Rp, 1 Khr, Chr, Gg, Gs, Gg, Hh^Fp, Gg, Hh^Fp, Hh, Hh, Mm
Gg, Gs^Fp, Gg^Em, Rb, Rb, Gs^Fp, Gs^Fp, Gs^Fp, Gg, Gs^Fds, Gs^Fms, Gg, Gg, Gs, Gs^Fms, Gs^Fms, Wo, Wo, Ww, Gg, Hh, Gg^Es, Gg^Edp, Gg^Efm, Rb, Rb, Gg, Gg, Gg, Hh, Gg, Gg, Gg, Gg, Gg^Fms, Gg, Gg, Chr, Chr, Chr, Gg, Hh, Gg^Fp, Hh, Gg^Fp, Gs, Hh, Hh^Fp, Hh
Gs^Fp, Gg^Efm, Gs^Fms, Gs^Fds, Gs^Fp, Rb^Ve, Gs^Fp, Gg^Edp, Gs^Fms, Gg, Gs^Fp, Gs^Fms, Gg, Gs^Fms, Ww, Ww, Wo, Ww^Wkf, Ds, Dd, Gg^Es, Gg, Gg, Gg, Gg, Rb, Rp^Ve, Gg, Gg^Edp, Gg, Hh^Es, Gg, Hh^Fp, Hh, Gg, Gg, Gs, Gg, Rb, Gg, Gg^Fp, Hh, Gg, Gg^Fp, Hh, Gg^Fp, Mm, Hh^Es, Mm
Gg, Gg^Efm, Gs^Fms, Gs^Fms, Gg, Gs^Fds, Gg^Efm, Gg, Gs^Fp, Gs^Fds, Gs^Fms, Gs^Fp, Gg^Efm, Ds, Ww^Wkf, Wo, Ww, Ww, Hh, Gg, Hh, Gg, Gs, Gs^Efm, Gg, Rb, Gg, Hh, Gg, Gs, Gg, Gd, Hh^Fms, Gg, Gg, Hh, Gg^Fms, Gg, Gs^Efm, Rb, Rb^Es, Gg, Hh, Hh^Efm, Mm, Hh, Hh, Mm, Hh
Ds, Ss, Gs^Fp, Gg, Ds, Ss, Dd, Gg, Gs^Fms, Gs^Fds, Gg, Gg, Dd^Ftd, Ww^Ewl, Dd, Ds, Ds, Gg^Es, Gg^Efm, Gg, Hh, Gg, Gg, Gg, Rb, Rb, Gg, Gg, Gg, Gg^Fp, Hh, Gg^Fds, Hh^Fp, Gg^Es, Hh, Gg, Gg^Fp, Gg, Gg^Fp, Hh, Rb, Mm, Mm, Mm, Mm, Mm, Mm, Hh, Mm
Ww, Ww, Ww^Wkf, Ww^Ewf, Ww, Ww^Wkf, Wo, Gg^Edp, Ds, Gg^Efm, Ds, Ds, Ww^Wkf, Ww, Ds, Gg, Hh, Hh, Hh, Gd, Gs, Gg, Rb, Rb, Gg, Gg, Gg, Hh^Es, Gg, Gg^Fms, Hh^Efm, Hh^Fp, Hh, Hh^Fp, Hh^Fp, Gg, Hh, Ww, Hh^Fp, Hh, Hh^Vhh, Mm, Mm, Hh, Hh^Fp, Mm, Hh, Mm, Mm
Wo, Wo, Ww, Dd, Ds, Ww, Ww, Ww, Ww, Dd, Ww, Ww, Ds^Es, Ww, Ds, Gs^Efm, Hh, Mm, Gg^Es, Hh, Gs, Gg, Rb, Gg^Edp, Hh, Hh^Fp, Gg, Hh, Hh^Fp, Hh, Hh, Hh^Fp, Mm, Hh, Hh, Gg^Fp, Ww^Ewl, Ww^Wkf, Mm, Mm, Hh, Hh, Hh^Fp, Mm, Mm, Mm, Mm, Hh^Fp, Hh
Ds, Ww^Wkf, Dd, Dd^Ftd, Dd^Ftd, Ds, Ds, Ds, Wo, Ww, Ds, Ww^Wkf, Wwr, Dd, Gg^Es, Gg, Hh, Hh, Hh, Gg, Gg, Gg^Efm, Rb, Gg, Gg, Hh, Hh, Hh^Fp, Hh, Hh, Mm, Hh, Hh^Qhh, Mm, Hh, Gg^Fp, Hh^Fp, Gg^Fp, Hh, Mm, Hh, Mm, Hh, Mm, Mm, Mm, Hh^Fp, Hh, Hh
Ww, Ds, Ds, Dd, Ds, Ds, Ww, Ww, Ww^Wkf, Ww, Dd, Ww, Wo, Ww^Ewl, Hh, Hh, Mm, Mm, Hh, Hh^Es, Hh, Gg, Rb, Hh, Hh, Hh, Gg, Gg^Es, Hh^Dr, Hh^Fp, Hh^Qhh, Hh^Qhh, Hh^Qhh, Hh^Dr, Hh, Hh^Fp, Gg, Hh^Fp, Hh, Hh^Fp, Hh, Hh^Vhh, Hh^Es, Mm^Fp, Mm, Hh, Hh, Mm, Hh
Ww, Ww, Ww, Ww, Ds, Dd, Ww, Wo, Ww, Ds, Ww, Ww, Ww, Ds, Ds, Gg, Hh, Hh, Gg, Gg, Gg, Gg, Rb, Gg, Gg, Hh^Fp, Hh, Hh^Fp, Gg, Hh^Qhh, Gg^Qhhf, Hh^Qhh, Hh, Gg^Qhh, Gg, Hh, Hh, Hh, Hh, Hh^Efm, Mm, Hh, Hh, Hh, Hh, Mm, Mm, Mm, Mm
