border_size=1
usage=map

_off^_usr   , _off^_usr   , _off^_usr   , _off^_usr   , _off^_usr   , _off^_usr   , _off^_usr   , _off^_usr   , _off^_usr   , _off^_usr   , _off^_usr   , _off^_usr   , _off^_usr   , _off^_usr   , _off^_usr   , _off^_usr   , _off^_usr   , _off^_usr   , _off^_usr   , _off^_usr   , _off^_usr   , _off^_usr   , _off^_usr   , _off^_usr   , _off^_usr   , _off^_usr   , _off^_usr   , _off^_usr   , _off^_usr   , _off^_usr   , _off^_usr   , _off^_usr   , _off^_usr   , _off^_usr   , _off^_usr   , _off^_usr   , _off^_usr   , _off^_usr   , _off^_usr   
_off^_usr   , Rr          , Rr          , Rr          , Rr          , Rr          , Rr          , Rr          , Rr          , Rr          , Rr          , Rr          , Aa^Vha      , Aa^Vha      , Rr          , Rr          , Rr          , Rr          , Xu          , Xu          , Rr          , Xu          , Rr          , Xu          , Xu          , Xu          , Rr          , Rr          , Rr          , Rr          , Rr          , Rr          , Rr          , Rr          , Rr          , Rr          , Rr          , Rr          , _off^_usr   
_off^_usr   , Rr          , Rr          , Rr          , Rr          , Rr          , Rr          , Rr          , Rr          , Rr          , Rr          , Rr          , Rr          , Rr          , Rr          , Rr          , Xu          , Xu          , Rr          , Rr          , Rr          , Rr          , Rr          , Rr          , Rr          , Xu          , Xu          , Rr          , Rr          , Rr          , Rr          , Rr          , Rr          , Rr          , Rr          , Rr          , Rr          , 2 Kh        , _off^_usr   
_off^_usr   , Rr          , Xu          , Xu          , Xu          , Xu          , Xu          , Xu          , Xu          , Rr          , Rr          , Rr          , Rr          , Rr          , Xu          , Xu          , Rr          , Rr          , Rr          , Rr          , Rr          , Rr          , Rr          , Rr          , Rr          , Rr          , Rr          , Xu          , Xu          , Rr          , Rr          , Rr          , Rr          , Rr          , Rr          , Rr          , Rr          , Ch          , _off^_usr   
_off^_usr   , Xu          , Rr          , Rr          , Rr          , Rr          , Rr          , Rr          , Xu          , Xu          , Xu          , Xu          , Xu          , Xu          , Rr          , Rr          , Rr          , Rr          , Xu          , Rr          , Rr          , Rr          , Xu          , Rr          , Rr          , Rr          , Rr          , Rr          , Rr          , Xu          , Xu          , Rr          , Rr          , Rr          , Rr          , Rr          , Rr          , Rr          , _off^_usr   
_off^_usr   , Rr          , Rr          , Rr          , Rr          , Rr          , Rr          , Rr          , Rr          , Xu          , Xu          , Xu          , Rr          , Rr          , Rr          , Rr          , Xu          , Xu          , Rr          , Rr          , Rr          , Rr          , Rr          , Xu          , Xu          , Rr          , Rr          , Rr          , Rr          , Rr          , Rr          , Xu          , Xu          , Rr          , Rr          , Rr          , Rr          , Rr          , _off^_usr   
_off^_usr   , Rr          , Xu          , Xu          , Xu          , Xu          , Xu          , Rr          , Rr          , Rr          , Xu          , Ds          , Rr          , Rr          , Xu          , Xu          , Rr          , Rr          , Rr          , Rr          , Xu          , Rr          , Rr          , Rr          , Rr          , Xu          , Xu          , Rr          , Rr          , Rr          , Rr          , Rr          , Xu          , Rr          , Rr          , Rr          , Rr          , Rr          , _off^_usr   
_off^_usr   , Rr          , Rr          , Rr          , Rr          , Rr          , Rr          , Rr          , Xu          , Xu          , Xu          , Xu          , Xu          , Xu          , Rr          , Rr          , Rr          , Rr          , Xu          , Xu          , Rr          , Rr          , Rr          , Rr          , Rr          , Rr          , Rr          , Xu          , Xu          , Rr          , Rr          , Rr          , Xu          , Rr          , Rr          , Rr          , Rr          , Rr          , _off^_usr   
_off^_usr   , Rr          , Xu          , Rr          , Rr          , Rr          , Xu          , Rr          , Xu          , Rr          , Rr          , Xu          , Rr          , Rr          , Rr          , Rr          , Xu          , Xu          , Rr          , Rr          , Rr          , Rr          , Xu          , Rr          , Rr          , Rr          , Rr          , Rr          , Rr          , Xu          , Xu          , Rr          , Xu          , Rr          , Rr          , Rr          , Rr          , Rr          , _off^_usr   
_off^_usr   , Rr          , Rr          , Xu          , Xu          , Xu          , Rr          , Rr          , Xu          , Rr          , Rr          , Xu          , Rr          , Rr          , Xu          , Xu          , Rr          , Rr          , Rr          , Rr          , Rr          , Rr          , Rr          , Xu          , Xu          , Rr          , Rr          , Rr          , Rr          , Rr          , Rr          , Xu          , Xu          , Rr          , Rr          , Rr          , Rr          , Rr          , _off^_usr   
_off^_usr   , Rr          , Rr          , Rr          , Rr          , Rr          , Rr          , Rr          , Xu          , Rr          , Rr          , Xu          , Xu          , Xu          , Rr          , Rr          , Rr          , Rr          , Xu          , Xu          , Rr          , Rr          , Rr          , Rr          , Rr          , Xu          , Xu          , Rr          , Rr          , Rr          , Rr          , Rr          , Xu          , Rr          , Rr          , Rr          , Rr          , Rr          , _off^_usr   
_off^_usr   , Rr          , Xu          , Rr          , Rr          , Rr          , Xu          , Xu          , Xu          , Rr          , Rr          , Xu          , Rr          , Rr          , Rr          , Rr          , Xu          , Xu          , Rr          , Rr          , Rr          , Rr          , Xu          , Rr          , Rr          , Rr          , Rr          , Xu          , Xu          , Rr          , Rr          , Rr          , Xu          , Rr          , Rr          , Rr          , Rr          , Rr          , _off^_usr   
_off^_usr   , Xu          , Rr          , Xu          , Xu          , Xu          , Rr          , Rr          , Rr          , Rr          , Rr          , Xu          , Rr          , Rr          , Xu          , Xu          , Rr          , Rr          , Rr          , Rr          , Xu          , Xu          , Rr          , Rr          , Rr          , Rr          , Rr          , Rr          , Rr          , Xu          , Xu          , Rr          , Xu          , Rr          , Rr          , Rr          , Rr          , Rr          , _off^_usr   
_off^_usr   , Rr          , Rr          , Rr          , Rr          , Rr          , Rr          , Rr          , Rr          , Rr          , Rr          , Xu          , Xu          , Xu          , Rr          , Rr          , Rr          , Rr          , Xu          , Xu          , Rr          , Rr          , Rr          , Rr          , Xu          , Xu          , Rr          , Rr          , Rr          , Rr          , Rr          , Xu          , Xu          , Rr          , Rr          , Rr          , Rr          , Rr          , _off^_usr   
_off^_usr   , Rr          , Rr          , Rr          , Rr          , Rr          , Rr          , Rr          , Rr          , Rr          , Rr          , Xu          , Rr          , Rr          , Rr          , Rr          , Xu          , Xu          , Rr          , Rr          , Rr          , Rr          , Xu          , Xu          , Rr          , Rr          , Rr          , Rr          , Xu          , Rr          , Rr          , Rr          , Xu          , Rr          , Rr          , Rr          , Rr          , Rr          , _off^_usr   
_off^_usr   , Rr          , Rr          , Rr          , Rr          , Rr          , Rr          , Rr          , Rr          , Rr          , Rr          , Xu          , Xu          , Rr          , Xu          , Xu          , Rr          , Rr          , Rr          , Rr          , Xu          , Xu          , Rr          , Rr          , Rr          , Rr          , Xu          , Xu          , Rr          , Rr          , Rr          , Rr          , Xu          , Rr          , Rr          , Rr          , Rr          , Rr          , _off^_usr   
_off^_usr   , Rr          , Rr          , Rr          , Rr          , Rr          , Rr          , Rr          , Rr          , Rr          , Rr          , Rr          , Rr          , Xu          , Xu          , Rr          , Rr          , Rr          , Xu          , Xu          , Rr          , Rr          , Rr          , Rr          , Xu          , Xu          , Rr          , Rr          , Rr          , Rr          , Xu          , Xu          , Rr          , Rr          , Rr          , Rr          , Rr          , Rr          , _off^_usr   
_off^_usr   , Rr          , Rr          , Rr          , Rr          , Rr          , Rr          , Rr          , Rr          , Rr          , Rr          , Rr          , Rr          , Rr          , Rr          , Xu          , Xu          , Rr          , Xu          , Rr          , Xu          , Rr          , Rr          , Xu          , Rr          , Rr          , Rr          , Rr          , Xu          , Xu          , Rr          , Rr          , Rr          , Rr          , Rr          , Rr          , Rr          , Rr          , _off^_usr   
_off^_usr   , Rr          , Rr          , Rr          , Rr          , Rr          , Rr          , Rr          , Rr          , Rr          , Rr          , Rr          , Rr          , Rr          , Rr          , Rr          , Xu          , Xu          , Rr          , Xu          , Rr          , Xu          , Re          , Xu          , Xu          , Xu          , Xu          , Xu          , Rr          , Rr          , Rr          , Rr          , Rr          , Rr          , Rr          , Rr          , Rr          , Rr          , _off^_usr   
_off^_usr   , Rr          , Rr          , Rr          , Rr          , Rr          , Rr          , Rr          , Rr          , Rr          , Rr          , Rr          , Rr          , Rr          , Rr          , Rr          , Xu          , Rr          , Rr          , Rr          , Rr          , Rr          , Rr          , Rr          , Rr          , Rr          , Rr          , Xu          , Xu          , Rr          , Rr          , Rr          , Rr          , Rr          , Rr          , Rr          , Rr          , Rr          , _off^_usr   
_off^_usr   , Rr          , Rr          , Rr          , Rr          , Rr          , Rr          , Rr          , Rr          , Rr          , Rr          , Rr          , Rr          , Rr          , Xu          , Xu          , Rr          , Xu          , Xu          , Rr          , Rr          , Rr          , Rr          , Rr          , Rr          , Rr          , Rr          , Re          , Rr          , Xu          , Xu          , Rr          , Rr          , Rr          , Rr          , Rr          , Rr          , Rr          , _off^_usr   
_off^_usr   , Rr          , Rr          , Rr          , Rr          , Rr          , Rr          , Rr          , Rr          , Rr          , Rr          , Rr          , Xu          , Xu          , Rr          , Xu          , Rr          , Rr          , Rr          , Re          , Rr          , Rr          , Rr          , Rr          , Rr          , Rr          , Rr          , Xu          , Rr          , Rr          , Rr          , Xu          , Xu          , Rr          , Rr          , Rr          , Rr          , Rr          , _off^_usr   
_off^_usr   , Rr          , Rr          , Rr          , Rr          , Rr          , Rr          , Rr          , Rr          , Rr          , Rr          , Xu          , Rr          , Rr          , Rr          , Xu          , Rr          , Rr          , Rr          , Xu          , Xu          , Rr          , Rr          , Rr          , Rr          , Rr          , Xu          , Xu          , Rr          , Rr          , Rr          , Rr          , Rr          , Xu          , Xu          , Rr          , Rr          , Rr          , _off^_usr   
_off^_usr   , Rr          , Rr          , Rr          , Rr          , Rr          , Rr          , Rr          , Rr          , Rr          , Rr          , Xu          , Rr          , Rr          , Rr          , Xu          , Rr          , Rr          , Rr          , Rr          , Xu          , Xu          , Xu          , Rr          , Re          , Xu          , Xu          , Xu          , Rr          , Rr          , Rr          , Rr          , Rr          , Rr          , Xu          , Rr          , Rr          , Rr          , _off^_usr   
_off^_usr   , Rr          , Rr          , Rr          , Rr          , Rr          , Rr          , Rr          , Rr          , Rr          , Rr          , Xu          , Rr          , Rr          , Xu          , Re          , Rr          , Rr          , Rr          , Rr          , Xu          , Rr          , Rr          , Xu          , Xu          , Rr          , Rr          , Xu          , Xu          , Rr          , Rr          , Rr          , Rr          , Rr          , Xu          , Rr          , Rr          , Rr          , _off^_usr   
_off^_usr   , Rr          , Rr          , Rr          , Rr          , Rr          , Rr          , Rr          , Rr          , Rr          , Rr          , Xu          , Xu          , Xu          , Rr          , Rr          , Rr          , Rr          , Rr          , Rr          , Xu          , Rr          , Rr          , Rr          , Xu          , Rr          , Rr          , Rr          , Rr          , Xu          , Xu          , Rr          , Xu          , Xu          , Xu          , Rr          , Rr          , Rr          , _off^_usr   
_off^_usr   , Rr          , Rr          , Rr          , Rr          , Rr          , Rr          , Rr          , Rr          , Rr          , Rr          , Xu          , Xu          , Rr          , Rr          , Rr          , Rr          , Rr          , Xu          , Xu          , Xu          , Rr          , Rr          , Rr          , Re          , Rr          , Rr          , Rr          , Rr          , Rr          , Xu          , Re          , Rr          , Xu          , Xu          , Rr          , Rr          , Rr          , _off^_usr   
_off^_usr   , Rr          , Rr          , Rr          , Rr          , Rr          , Rr          , Rr          , Rr          , Rr          , Rr          , Xu          , Rr          , Xu          , Re          , Rr          , Xu          , Xu          , Rr          , Rr          , Xu          , Rr          , Rr          , Rr          , Xu          , Rr          , Rr          , Rr          , Xu          , Xu          , Rr          , Rr          , Rr          , Rr          , Xu          , Rr          , Rr          , Rr          , _off^_usr   
_off^_usr   , Rr          , Rr          , Rr          , Rr          , Rr          , Rr          , Rr          , Rr          , Rr          , Rr          , Xu          , Rr          , Rr          , Rr          , Xu          , Rr          , Rr          , Rr          , Rr          , Xu          , Rr          , Rr          , Rr          , Xu          , Rr          , Re          , Xu          , Xu          , Rr          , Rr          , Rr          , Rr          , Rr          , Xu          , Rr          , Rr          , Rr          , _off^_usr   
_off^_usr   , Rr          , Rr          , Rr          , Rr          , Rr          , Rr          , Rr          , Rr          , Rr          , Rr          , Xu          , Rr          , Rr          , Rr          , Xu          , Rr          , Rr          , Rr          , Rr          , Xu          , Rr          , Rr          , Rr          , Xu          , Xu          , Rr          , Rr          , Xu          , Rr          , Rr          , Rr          , Rr          , Rr          , Xu          , Rr          , Rr          , Rr          , _off^_usr   
_off^_usr   , Rr          , Rr          , Rr          , Rr          , Rr          , Rr          , Rr          , Rr          , Rr          , Rr          , Xu          , Xu          , Rr          , Rr          , Re          , Rr          , Rr          , Rr          , Rr          , Xu          , Rr          , Rr          , Rr          , Xu          , Rr          , Rr          , Rr          , Xu          , Rr          , Rr          , Rr          , Rr          , Rr          , Xu          , Rr          , Rr          , Rr          , _off^_usr   
_off^_usr   , Rr          , Rr          , Rr          , Rr          , Rr          , Rr          , Rr          , Rr          , Rr          , Rr          , Rr          , Rr          , Xu          , Xu          , Xu          , Rr          , Rr          , Rr          , Rr          , Xu          , Rr          , Xu          , Xu          , Xu          , Rr          , Rr          , Rr          , Xu          , Rr          , Rr          , Rr          , Xu          , Xu          , Rr          , Rr          , Rr          , Rr          , _off^_usr   
_off^_usr   , Rr          , Rr          , Rr          , Rr          , Rr          , Rr          , Rr          , Rr          , Rr          , Rr          , Rr          , Rr          , Rr          , Rr          , Xu          , Xu          , Rr          , Rr          , Rr          , Re          , Xu          , Rr          , Rr          , Rr          , Xu          , Rr          , Rr          , Xu          , Rr          , Xu          , Xu          , Rr          , Rr          , Rr          , Rr          , Rr          , Rr          , _off^_usr   
_off^_usr   , Rr          , Rr          , Rr          , Rr          , Rr          , Rr          , Rr          , Rr          , Rr          , Rr          , Rr          , Rr          , Rr          , Rr          , Rr          , Rr          , Xu          , Xu          , Xu          , Rr          , Rr          , Rr          , Rr          , Rr          , Re          , Xu          , Rr          , Xu          , Xu          , Rr          , Rr          , Rr          , Rr          , Rr          , Rr          , Rr          , Rr          , _off^_usr   
_off^_usr   , Rr          , Rr          , Rr          , Rr          , Rr          , Rr          , Rr          , Rr          , Rr          , Rr          , Rr          , Rr          , Rr          , Rr          , Rr          , Rr          , Rr          , Xu          , Xu          , Xu          , Rr          , Rr          , Rr          , Rr          , Xu          , Xu          , Xu          , Rr          , Rr          , Rr          , Rr          , Rr          , Rr          , Rr          , Rr          , Rr          , Rr          , _off^_usr   
_off^_usr   , Rr          , Rr          , Rr          , Rr          , Rr          , Rr          , Rr          , Rr          , Rr          , Rr          , Rr          , Rr          , Rr          , Rr          , Rr          , Xu          , Xu          , Rr          , Rr          , Rr          , Re          , Xu          , Rr          , Xu          , Xu          , Rr          , Rr          , Rr          , Rr          , Rr          , Rr          , Rr          , Rr          , Rr          , Rr          , Rr          , Rr          , _off^_usr   
_off^_usr   , Rr          , Rr          , Rr          , Rr          , Rr          , Rr          , Rr          , Rr          , Rr          , Rr          , Rr          , Rr          , Rr          , Xu          , Xu          , Rr          , Rr          , Rr          , Rr          , Rr          , Rr          , Rr          , Xu          , Xu          , Rr          , Rr          , Rr          , Rr          , Rr          , Rr          , Rr          , Rr          , Rr          , Rr          , Rr          , Rr          , Rr          , _off^_usr   
_off^_usr   , Rr          , Rr          , Rr          , Rr          , Rr          , Rr          , Rr          , Rr          , Rr          , Rr          , Rr          , Xu          , Xu          , Rr          , Rr          , Rr          , Rr          , Rr          , Rr          , Rr          , Rr          , Rr          , Rr          , Xu          , Xu          , Xu          , Rr          , Rr          , Rr          , Rr          , Rr          , Rr          , Rr          , Rr          , Rr          , Rr          , Rr          , _off^_usr   
_off^_usr   , Rr          , Rr          , Rr          , Rr          , Rr          , Rr          , Rr          , Rr          , Rr          , Xu          , Xu          , Rr          , Xu          , Xu          , Rr          , Rr          , Rr          , Rr          , Rr          , Rr          , Rr          , Xu          , Xu          , Rr          , Rr          , Rr          , Xu          , Xu          , Rr          , Rr          , Rr          , Rr          , Rr          , Rr          , Rr          , Rr          , Rr          , _off^_usr   
_off^_usr   , Rr          , Rr          , Rr          , Rr          , Rr          , Rr          , Rr          , Xu          , Xu          , Rr          , Rr          , Rr          , Rr          , Rr          , Xu          , Xu          , Rr          , Rr          , Rr          , Rr          , Xu          , Rr          , Rr          , Rr          , Rr          , Rr          , Rr          , Rr          , Xu          , Xu          , Rr          , Rr          , Rr          , Rr          , Rr          , Rr          , Rr          , _off^_usr   
_off^_usr   , Rr          , Rr          , Rr          , Rr          , Rr          , Xu          , Xu          , Rr          , Xu          , Xu          , Rr          , Rr          , Rr          , Rr          , Rr          , Rr          , Xu          , Xu          , Rr          , Rr          , Rr          , Rr          , Rr          , Rr          , Rr          , Rr          , Rr          , Rr          , Rr          , Rr          , Xu          , Rr          , Rr          , Rr          , Rr          , Rr          , Rr          , _off^_usr   
_off^_usr   , Rr          , Rr          , Rr          , Rr          , Rr          , Xu          , Rr          , Rr          , Rr          , Rr          , Xu          , Xu          , Rr          , Rr          , Rr          , Rr          , Rr          , Rr          , Rr          , Rr          , Rr          , Rr          , Xu          , Xu          , Rr          , Rr          , Rr          , Rr          , Rr          , Rr          , Xu          , Rr          , Rr          , Rr          , Rr          , Rr          , Rr          , _off^_usr   
_off^_usr   , Rr          , Rr          , Rr          , Rr          , Rr          , Xu          , Rr          , Rr          , Rr          , Rr          , Rr          , Rr          , Xu          , Xu          , Rr          , Rr          , Rr          , Rr          , Rr          , Xu          , Rr          , Rr          , Rr          , Rr          , Xu          , Xu          , Rr          , Rr          , Rr          , Rr          , Xu          , Rr          , Rr          , Rr          , Rr          , Rr          , Rr          , _off^_usr   
_off^_usr   , Rr          , Rr          , Rr          , Rr          , Rr          , Xu          , Rr          , Rr          , Rr          , Rr          , Rr          , Rr          , Rr          , Rr          , Rr          , Rr          , Rr          , Xu          , Xu          , Rr          , Rr          , Rr          , Rr          , Rr          , Rr          , Rr          , Xu          , Xu          , Rr          , Rr          , Xu          , Rr          , Rr          , Rr          , Rr          , Rr          , Rr          , _off^_usr   
_off^_usr   , Rr          , Rr          , Rr          , Rr          , Rr          , Xu          , Xu          , Xu          , Rr          , Rr          , Rr          , Rr          , Rr          , Rr          , Rr          , Xu          , Xu          , Rr          , Rr          , Rr          , Rr          , Xu          , Rr          , Rr          , Rr          , Rr          , Rr          , Rr          , Xu          , Xu          , Xu          , Rr          , Rr          , Rr          , Rr          , Rr          , Rr          , _off^_usr   
_off^_usr   , Rr          , Rr          , Rr          , Rr          , Rr          , Xu          , Rr          , Rr          , Xu          , Xu          , Rr          , Rr          , Rr          , Rr          , Xu          , Rr          , Rr          , Rr          , Rr          , Rr          , Rr          , Rr          , Xu          , Xu          , Rr          , Rr          , Rr          , Rr          , Rr          , Rr          , Xu          , Rr          , Rr          , Rr          , Rr          , Rr          , Rr          , _off^_usr   
_off^_usr   , Rr          , Rr          , Rr          , Rr          , Rr          , Xu          , Rr          , Rr          , Rr          , Rr          , Xu          , Rr          , Rr          , Rr          , Rr          , Rr          , Rr          , Xu          , Rr          , Rr          , Rr          , Rr          , Rr          , Rr          , Xu          , Xu          , Rr          , Rr          , Rr          , Rr          , Xu          , Rr          , Rr          , Rr          , Rr          , Rr          , Rr          , _off^_usr   
_off^_usr   , Rr          , Rr          , Rr          , Rr          , Rr          , Xu          , Rr          , Rr          , Rr          , Rr          , Rr          , Rr          , Rr          , Xu          , Xu          , Rr          , Rr          , Rr          , Xu          , Xu          , Rr          , Rr          , Rr          , Rr          , Rr          , Rr          , Xu          , Xu          , Rr          , Rr          , Xu          , Rr          , Rr          , Rr          , Rr          , Rr          , Rr          , _off^_usr   
_off^_usr   , Rr          , Rr          , Rr          , Rr          , Rr          , Xu          , Rr          , Rr          , Rr          , Rr          , Rr          , Xu          , Xu          , Rr          , Rr          , Rr          , Rr          , Rr          , Rr          , Rr          , Xu          , Xu          , Rr          , Rr          , Rr          , Rr          , Rr          , Rr          , Xu          , Rr          , Xu          , Rr          , Rr          , Rr          , Rr          , Rr          , Rr          , _off^_usr   
_off^_usr   , Rr          , Rr          , Rr          , Rr          , Rr          , Rr          , Xu          , Xu          , Rr          , Xu          , Xu          , Rr          , Rr          , Rr          , Rr          , Xu          , Rr          , Rr          , Rr          , Rr          , Rr          , Rr          , Xu          , Xu          , Rr          , Xu          , Rr          , Rr          , Xu          , Xu          , Xu          , Rr          , Rr          , Rr          , Rr          , Rr          , Rr          , _off^_usr   
_off^_usr   , Rr          , Rr          , Rr          , Rr          , Rr          , Rr          , Rr          , Rr          , Xu          , Xu          , Rr          , Rr          , Rr          , Rr          , Rr          , Rr          , Xu          , Xu          , Rr          , Rr          , Rr          , Rr          , Rr          , Rr          , Xu          , Rr          , Xu          , Xu          , Xu          , Rr          , Rr          , Rr          , Rr          , Rr          , Rr          , Rr          , Rr          , _off^_usr   
_off^_usr   , Rr          , Rr          , Rr          , Rr          , Rr          , Rr          , Rr          , Rr          , Rr          , Rr          , Xu          , Xu          , Rr          , Rr          , Rr          , Rr          , Rr          , Rr          , Xu          , Xu          , Rr          , Rr          , Rr          , Rr          , Rr          , Xu          , Xu          , Rr          , Rr          , Rr          , Rr          , Rr          , Rr          , Rr          , Rr          , Rr          , Rr          , _off^_usr   
_off^_usr   , Rr          , Rr          , Rr          , Rr          , Rr          , Rr          , Rr          , Rr          , Rr          , Rr          , Rr          , Rr          , Xu          , Xu          , Rr          , Rr          , Rr          , 1 Kh        , Rr          , Rr          , Xu          , Xu          , Rr          , Xu          , Xu          , Rr          , Rr          , Rr          , Rr          , Rr          , Rr          , Rr          , Rr          , Rr          , Rr          , Rr          , Rr          , _off^_usr   
_off^_usr   , Rr          , Rr          , Rr          , Rr          , Rr          , Rr          , Rr          , Rr          , Rr          , Rr          , Rr          , Rr          , Rr          , Rr          , Xu          , Xu          , Rr          , Rr          , Rr          , Rr          , Rr          , Xu          , Xu          , Rr          , Rr          , Rr          , Rr          , Rr          , Rr          , Rr          , Rr          , Rr          , Rr          , Rr          , Rr          , Rr          , Rr          , _off^_usr   
_off^_usr   , Rr          , Rr          , Rr          , Rr          , Rr          , Rr          , Rr          , Rr          , Rr          , Rr          , Rr          , Rr          , Rr          , Rr          , Rr          , Rr          , Xu          , Xu          , Rr          , Xu          , Xu          , Rr          , Rr          , Rr          , Rr          , Rr          , Rr          , Rr          , Rr          , Rr          , Rr          , Rr          , Rr          , Rr          , Rr          , Rr          , Rr          , _off^_usr   
_off^_usr   , Rr          , Rr          , Rr          , Rr          , Rr          , Rr          , Rr          , Rr          , Rr          , Rr          , Rr          , Rr          , Rr          , Rr          , Rr          , Rr          , Rr          , Rr          , Xu          , Rr          , Rr          , Rr          , Rr          , Rr          , Rr          , Rr          , Rr          , Rr          , Rr          , Rr          , Rr          , Rr          , Rr          , Rr          , Rr          , Rr          , Rr          , _off^_usr   
_off^_usr   , Rr          , Rr          , Rr          , Rr          , Rr          , Rr          , Rr          , Rr          , Rr          , Rr          , Rr          , Rr          , Rr          , Rr          , Rr          , Rr          , Rr          , Rr          , Rr          , Rr          , Rr          , Rr          , Rr          , Rr          , Rr          , Rr          , Rr          , Rr          , Rr          , Rr          , Rr          , Rr          , Rr          , Rr          , Rr          , Rr          , Rr          , _off^_usr   
_off^_usr   , _off^_usr   , _off^_usr   , _off^_usr   , _off^_usr   , _off^_usr   , _off^_usr   , _off^_usr   , _off^_usr   , _off^_usr   , _off^_usr   , _off^_usr   , _off^_usr   , _off^_usr   , _off^_usr   , _off^_usr   , _off^_usr   , _off^_usr   , _off^_usr   , _off^_usr   , _off^_usr   , _off^_usr   , _off^_usr   , _off^_usr   , _off^_usr   , _off^_usr   , _off^_usr   , _off^_usr   , _off^_usr   , _off^_usr   , _off^_usr   , _off^_usr   , _off^_usr   , _off^_usr   , _off^_usr   , _off^_usr   , _off^_usr   , _off^_usr   , _off^_usr   
