Xos, Xos, Xos, Xos, Xos, Xos, Xos, Xos, Xos, Xos, Xos, Xos, Xos, Xos, Xos, Xos, Xos, Xos, Xos, Xos, Xoa, Xoa, Xoa, Xos, Xos, Xos, Xos, Xos, Xos, Xos, Xos, Xos, Xos, Xos, Xos, Xos, Xos, Xos
Xos, Xos, Xos, Xos, Xos, Xos, Xos, Xos, Xos, Xos, Xos, Xos, Xos, Xos, Xos, Xos, Xos, Xos, Xur, Xoa, Isr, Xoa^Efs, Chr, Xoa, Xur, Xos, Xos, Xos, Xos, Xos, Xos, Xos, Xos, Xos, Xos, Xos, Xos, Xos
Xos, Xos, Xos, Xos, Xos, Xos, Xos, Xos, Xos, Xos, Xos, Xos, Xos, Xos, Xos, Xos, Xoa, Xoa^Efs, Isr, Isr, Isr, Chr, 2 Khr, Chr, Isr, Xoa^Efs, Xoa, Xos, Xos, Xos, Xos, Xos, Xos, Xos, Xos, Xos, Xos, Xos
Xos, Xos, Xoa, Xoa, Xoa, Xoa, Xoa, Xoa, Xoa, Xos, Xos, Xos, Xoa, Xos, Xoa^Efs, Xoa, Isr, Isr, Isr, Isr, Isa, Chr, Chr, Chr, Isr, Isr, Isr, Xoa, Xoa^Efs, Xos, Xos, Xos, Xos, Xos, Xos, Xos, Xos, Xos
Xoa, Xur, Isa, Isa^Ii, Isa, Isa, Isa, Isa, Xoa, Xos, Xos, Xos, Xur, Xoa, Isr, Isr, Isr, Isr, Xoa, Rr^Pr|o, Rr^Vhc, Rr^Pr|o, Xoa, Isr, Isr, Isr, Isr, Isr, Isr, Xoa, Xur, Xos, Xos, Xos, Xos, Xos, Xos, Xos
Xos, Isa, Isa, Isa, Isa, Isa, Isa, Isa, Isa, Xoa, Xoa, Xoa, Isr^Ii, Isr, Isr, Isr, Xur, Xoa, Exos, Rr, Isa, Rr, Exos, Xoa^Efs, Xoa, Isa, Isr, Isr, Isr, Isr, Isr, Xoa, Xoa, Xos, Xos, Xos, Xos, Xos
Xos, Isa, Xoa^Efs, Xoa, Xoa, Xoa, Xoa^Efs, Isa, Isa, Isa^Ii, Xos, Uue, Isr, Isr, Xoa, Xoa, Isa, Rr, Isa, Rr, Xoa^Efs, Rr, Rr, Rr, Isa, Xoa, Xoa^Efs, Isr, Isr, Isr, Isr, Isr, Xoa, Xos, Xos, Xos, Xos, Xos
Xos, Isa, Iwo, Iwo, Iwo, Iwo, Iwo, Isa, Xoa, Xos, Xos, Xos, Xoa, Xur, Rr^Qhu, Rr, Rr, Rr, Xoa, Xoa, Rr, Rr, Rr, Rr, Isa, Isa, Rr, Xoa, Xur, Isr, Isr, Isr, Xoa, Xos, Xos, Xos, Xos, Xos
Xos, Isa, Xoa^Efs, Iwo, Iwo, Iwo, Xoa^Efs, Isa, Xur, Xos, Xos, Xoa, Rp^Qhu, Rp^Qhu, Rr^Qhu, Rr, Xoa, Xoa^Efs, Isa, Rr, Rr, Rr, Xoa^Efs, Rr, Rr, Rr, Isa, Rr, Rr, Xoa^Efs, Xoa, Isr, Xos, Xos, Xos, Xos, Xos, Xos
Xos, Isa, Isa, Xoa, Xoa, Xoa, Isa, Isa, Xoa, Xos, Xos, Xoa, Rp^Qhu, Rp^Qhu, Xoa^Efs, Xoa, Rr^Pr\o, Rr, Rr, Rr, Xoa, Xoa, Isa, Xoa, Xur, Rr, Isa, Rr, Rr^Qhu, Rp^Qhu, Rp^Qhu, Xoa, Xoa, Xos, Xos, Xos, Xos, Xos
Xos, Isa, Isa, Isa, Isa, Isa, Isa, Isa, Xoa, Xos, Xos, Xos, Xoa, Xoa, Rr, Rr, Isa, Rr^Pr\, Xoa, Xoa, Isa, Rr, Rr, Rr, Rr, Xoa, Xoa^Efs, Isa^Qhu, Rr^Qhu, Rr^Qhu, Rr^Qhu, Rp^Qhu, Xoa, Xos, Xos, Xos, Xos, Xos
Xoa, Isa, Xoa, Isa, Isa, Isa, Xoa, Xur, Xos, Xos, Xos, Xoa, Rp^Qhu, Rp^Qhu, Rr, Rr, Xoa, Xoa^Efs, Isa, Rr, Rr, Isa, Xoa, Rr, Isa, Rr, Rr, Xoa, Xoa, Rp^Qhu, Rr^Qhu, Rp^Qhu, Xoa, Xos, Xos, Xos, Xos, Xos
Xos, Xoa, Xos, Xoa, Xoa, Xoa, Xos, Xos, Xos, Xos, Xos, Xos, Rp^Qhu, Rp^Qhu, Xoa, Xoa, Rr, Rr, Rr, Rr, Xur^Exw, Xoa^Exw, Isa, Rr, Rr, Rr, Rr, Isa, Rr, Xur, Xoa^Efs, Rp^Qhu, Xoa, Xos, Xos, Xos, Xos, Xos
Xos, Xos, Xos, Xos, Xos, Xos, Xos, Xos, Xos, Xos, Xos, Xos, Xoa, Xoa, Rr^Dr, Rr, Rr, Isa, Xoa^Efs, Xur^Exw, Rr, Rr, Rr, Rr, Xoa, Xoa, Rr, Rr, Isa, Rr, Rr, Xoa, Xoa, Xos, Xos, Xos, Xos, Xos
Xos, Xos, Xos, Xos, Xos, Xos, Xos, Xos, Xos, Xos, Xos, Xoa, Rp^Dr, Rp^Dr, Rr^Dr, Rp^Dr, Xoa, Xoa, Isa, Rr, Rr, Isa, Xoa^Efs, Xoa, Rr, Isa, Rr, Rr, Xoa, Rr, Rr, Rp, Xoa, Xos, Xos, Xos, Xos, Xos
Xos, Xos, Xos, Xos, Xos, Xos, Xos, Xos, Xos, Xos, Xos, Xoa, Xoa, Rp^Dr, Xoa, Xoa, Rp^Qhu, Rr^Qhu, Rr, Rr, Xoa, Xoa, Rr, Rr, Isa, Rr, Xoa, Xoa, Rr^Qhu, Rr^Pr\o, Rr^Pr\, Rp, Xoa, Xos, Xos, Xos, Xos, Xos
Xos, Xos, Xos, Xos, Xos, Xos, Xos, Xos, Xos, Xos, Xos, Xos, Xos, Xoa, Xoa, Rp^Qhu, Rp^Qhu, Rp^Qhu, Xoa, Xoa, Rp^Qhu, Rr^Qhu, Rr, Rr, Xoa, Xoa, Rr^Qhu, Isa^Qhu, Rr^Qhu, Isa^Qhu, Xoa, Xoa, Xos, Xos, Xos, Xos, Xos, Xos
Xos, Xos, Xos, Xos, Xos, Xos, Xos, Xos, Xos, Xos, Xos, Xos, Xos, Xos, Xos, Xoa, Xoa, Rp^Qhu, Xoa, Rp^Qhu, Xoa, Rr^Qhu, Rr, Xoa, Rp^Qhu, Rp^Qhu, Rp^Qhu, Rr^Qhu, Xoa, Xoa, Xos, Xos, Xos, Xos, Xos, Xos, Xos, Xos
Xos, Xos, Xos, Xos, Xos, Xos, Xos, Xos, Xos, Xos, Xos, Xos, Xos, Xos, Xos, Xos, Xoa, Xoa, Rp, Xoa^Efs, Rp, Xoa, Re^Pr|o, Xoa, Xoa^Efs, Xoa, Xoa, Xoa, Xos, Xos, Xos, Xos, Xos, Xos, Xos, Xos, Xos, Xos
Xos, Xos, Xos, Xos, Xos, Xos, Xos, Xos, Xos, Xos, Xos, Xos, Xos, Xos, Xos, Xos, Xoa, Rp, Rp, Rr, Isa, Exos, Isa, Exos, Rr, Isa, Rr, Xoa, Xoa^Efs, Xos, Xos, Xos, Xos, Xos, Xos, Xos, Xos, Xos
Xos, Xos, Xos, Xos, Xos, Xos, Xos, Xos, Xos, Xos, Xos, Xos, Xos, Xos, Xoa, Xur, Rp, Xoa^Efs, Xoa, Rr, Rr, Rr, Rr, Rr, Rr, Rr, Rr, Re, Rr, Xoa, Xoa, Xos, Xos, Xos, Xos, Xos, Xos, Xos
Xos, Xos, Xos, Xos, Xos, Xos, Xos, Xos, Xos, Xos, Xos, Xos, Xoa^Efs, Xoa, Rp^Dr, Xoa, Isa, Rr, Rr, Rr^Pr\o, Rr, Isa, Rr, Rr, Rr, Isa, Rr, Xos, Rr, Rp, Rp, Xoa, Xoa^Efs, Xos, Xos, Xos, Xos, Xos
Xos, Xos, Xos, Xos, Xos, Xos, Xos, Xos, Xos, Xos, Xos, Xoa, Rp^Dr, Rr^Dr, Rr^Dr, Xoa, Rr, Rr, Rr, Xoa, Xoa, Rr, Isa, Rr^Vhc, Rr, Rr, Xos, Xos, Rr, Rr, Isa, Rr, Rr, Xoa, Xoa, Xos, Xos, Xos
Xos, Xos, Xos, Xos, Xos, Xos, Xos, Xos, Xos, Xos, Xos, Xoa, Isa^Dr, Rr^Dr, Isa, Xoa, Rr, Isa, Rr, Rp, Xoa, Xoa, Xoa, Rr, Rr^Pr/o, Xoa, Xoa, Xos, Rr, Rr, Rr, Isa, Rr, Rp, Xoa, Xos, Xos, Xos
Xos, Xos, Xos, Xos, Xos, Xos, Xos, Xos, Xos, Xos, Xos, Xoa, Rr^Dr, Rr^Dr, Xoa, Rr^Pr/o, Rr, Isa, Rr, Rr, Xoa, Iwo^Qhh, Iwo^Qhh, Xur, Xoa, Rr, Rr, Xoa^Efs, Xur, Rr, Rr, Isa, Rr, Rp, Xoa, Xos, Xos, Xos
Xos, Xos, Xos, Xos, Xos, Xos, Xos, Xos, Xos, Xos, Xos, Xos, Xoa, Xoa^Efs, Rp, Rr, Rr, Isa, Rr, Rp, Xoa, Iwo^Qhh, Iwo^Qhh, Iwo^Qhh, Xoa, Rr, Rr, Isa, Rr, Xoa, Xoa, Rr, Xoa, Xoa, Xos, Xos, Xos, Xos
Xos, Xos, Xos, Xos, Xos, Xos, Xos, Xos, Xos, Xos, Xos, Xos, Xoa, Rp, Rr, Isa, Rr, Rr, Xur, Xoa, Xoa, Iwo^Qhh, Iwo^Qhh, Iwo^Qhh, Re, Rr, Isa, Rr, Rr, Isa, Xoa^Efs, Re, Iwo, Xoa^Efs, Xoa, Xos, Xos, Xos
Xos, Xos, Xos, Xos, Xos, Xos, Xos, Xos, Xos, Xos, Xos, Xoa, Rr, Xoa, Rr^Pr\o, Rr, Xoa, Xoa^Efs, Isa, Isa, Xoa, Iwo^Qhh, Iwo^Qhh, Iwo^Qhh, Xoa, Rr, Rr, Rr, Xoa, Xoa, Iwo, Iwo, Iwo, Iwo, Xoa, Xos, Xos, Xos
Xos, Xos, Xos, Xos, Xos, Xos, Xos, Xos, Xos, Xos, Xos, Xoa, Isa, Rr, Rr, Xoa, Isa, Isa, Isa, Isa, Xoa, Iwo^Qhh, Iwo^Qhh, Iwo^Qhh, Xoa, Rr, Rr^Pr/o, Xoa, Xoa, Rr^Eqf, Iwo^Eqf, Iwo, Iwo, Iwo, Xoa, Xos, Xos, Xos
Xos, Xos, Xos, Xos, Xos, Xos, Xos, Xos, Xos, Xos, Xos, Xur, Rr, Isa, Rr, Xoa, Rr^Eqf, Isa, Isa, Isa, Xur, Iwo^Qhh, Iwo^Qhh, Iwo^Qhh, Xoa, Xoa^Efs, Isa, Rr, Xur, Iwo, Iwo, Iwo, Iwo^Eqf, Iwo, Xoa, Xos, Xos, Xos
Xos, Xos, Xos, Xos, Xos, Xos, Xos, Xos, Xos, Xos, Xos, Xoa, Xoa, Rr, Rr, Re, Rr, Isa, Rr^Eqf, Isa, Xoa, Iwo^Qhh, Iwo^Qhh, Iwo^Qhh, Xoa, Isa, Rr, Rr, Xoa, Iwo, Iwo, Iwo, Iwo, Iwo^Eqf, Xoa, Xos, Xos, Xos
Xos, Xos, Xos, Xos, Xos, Xos, Xos, Xos, Xos, Xos, Xos, Xos, Xos, Xoa, Xoa, Xoa, Rr, Rr, Rr, Rr^Eqf, Xoa, Iwo^Qhh, Xoa, Xoa, Xoa, Rr, Rr, Isa, Xur, Iwo, Iwo, Iwo, Xoa, Xoa, Xos, Xos, Xos, Xos
Xos, Xos, Xos, Xos, Xos, Xos, Xos, Xos, Xos, Xos, Xos, Xos, Xos, Xos, Xos, Xoa, Xur, Isa, Rr, Rr, Rr^Pr/o, Xoa, Rr, Rr, Rr, Xoa, Rr, Rr, Xoa, Iwo, Xoa, Xoa, Xos, Xos, Xos, Xos, Xos, Xos
Xos, Xos, Xos, Xos, Xos, Xos, Xos, Xos, Xos, Xos, Xos, Xos, Xos, Xos, Xos, Xos, Xos, Xoa, Xos, Xoa, Rr, Isa, Rr, Rr, Isa, Rr^Pr\o, Xoa, Rr, Xoa, Xoa, Xos, Xos, Xos, Xos, Xos, Xos, Xos, Xos
Xos, Xos, Xos, Xos, Xos, Xos, Xos, Xos, Xos, Xos, Xos, Xos, Xos, Xos, Xos, Xos, Xos, Xos, Xos, Xoa, Xos, Rr, Isa, Rr, Rr, Xoa, Xos, Xoa, Xos, Xos, Xos, Xos, Xos, Xos, Xos, Xos, Xos, Xos
Xos, Xos, Xos, Xos, Xos, Xos, Xos, Xos, Xos, Xos, Xos, Xos, Xos, Xos, Xos, Xos, Xos^Efs, Xos, Isr, Isr, Isr, Xos, Xos^Efs, Rr, Xoa, Xoa, Xos, Xos, Xos, Xos, Xos, Xos, Xos, Xos, Xos, Xos, Xos, Xos
Xos, Xos, Xos, Xos, Xos, Xos, Xos, Xos, Xos, Xos, Xos, Xos, Xos, Xos, Xos, Xos, Isr, Isr, Isr, Isr, Isr, Isr, Isr, Xos, Xos, Xos, Xos, Xos, Xos, Xos, Xos, Xos, Xos, Xos, Xos, Xos, Xos, Xos
Xos, Xos, Xos, Xos, Xos, Xos, Xos, Xos, Xos, Xos, Xos, Xos, Xoa, Xos, Isr, Isr, Isr, Isr, Isr, Isr, Isr, Isr, Isr, Isr, Xoa, Xoa, Xoa, Xos, Xos, Xos, Xos, Xos, Xos, Xos, Xos, Xos, Xos, Xos
Xos, Xos, Xos, Xos, Xos, Xos, Xos, Xos, Xos, Xos, Xoa, Xoa, Uue^Qhu, Xoa, Xoa, Isr, Isr, Isr, Isr, Isr, Isr, Isr, Xos, Xoa^Efs, Isa^Qhu, Uue^Qhu, Isa^Qhu, Xoa^Efs, Xoa, Xos, Xos, Xos, Xos, Xos, Xos, Xos, Xos, Xos
Xos, Xos, Xos, Xos, Xos, Xos, Xos, Xos, Xoa, Xoa, Uue^Qhu, Uue^Qhu, Isa^Qhu, Uue^Qhu, Uue^Qhu, Xoa^Efs, Xoa, Isr, Isr, Rr^Vhc, Isr, Xos, Isr, Isr, Isr, Isa^Qhu, Isa^Qhu, Isa^Qhu, Isa^Qhu, Xur, Xoa, Xos, Xos, Xos, Xos, Xos, Xos, Xos
Xos, Xos, Xos, Xos, Xos, Xos, Xoa, Xoa, Uue^Qhu, Xur, Xoa^Efs, Isa^Qhu, Isa^Qhu, Isa^Qhu, Isa^Qhu, Isa^Qhu, Isa^Qhu, Xoa, Xos, Isr, Isr, Isr, Isr, Isr, Isr, Isr, Isa^Qhu, Isa^Qhu, Isa^Qhu, Uue^Qhu, Uue^Qhu, Xoa, Xos, Xos, Xos, Xos, Xos, Xos
Xos, Xos, Xos, Xos, Xos, Xos, Xos, Uue^Qhu, Isa^Qhu, Isa^Qhu, Isa^Qhu, Xoa, Xoa, Isa^Qhu, Isa^Qhu, Isa^Qhu, Isr, Isr, Isr, Isr, Isr, Isr, Isr^Pr/o, Xos, Xos, Isr, Isa^Qhu, Isa^Qhu, Isa^Qhu, Isa^Qhu, Isa^Qhu, Xoa, Xos, Xos, Xos, Xos, Xos, Xos
Xos, Xos, Xos, Xos, Xos, Xos, Xos, Uue^Qhu, Isa^Qhu, Isa^Qhu, Isa^Qhu, Isa^Qhu, Isa^Qhu, Xoa, Xos, Isr, Isr, Isr, Isr, Isr, Xos^Efs, Isr^Pr/o, Isr, Isr, Isr, Xoa, Xos^Efs, Isa^Qhu, Isa^Qhu, Isa^Qhu, Uue^Qhu, Xoa, Xos, Xos, Xos, Xos, Xos, Xos
Xos, Xos, Xos, Xos, Xos, Xos, Xos, Isa^Qhu, Isa^Qhu, Isa^Qhu, Isa^Qhu, Isa^Qhu, Isr, Isr, Isr, Isr^Pr\o, Isr^Pr\o, Isr, Xos, Xos, Isr^Pr\o, Isr, Isr, Isr, Isr, Isr, Isr, Xoa, Xur, Isa^Qhu, Uue^Qhu, Xoa, Xos, Xos, Xos, Xos, Xos, Xos
Xos, Xos, Xos, Xos, Xos, Xos, Xoa, Xoa, Xur, Isa^Qhu, Isr, Isr, Isr, Isr, Isr, Isr, Xos, Xos, Isr, Isr, Isr, Isr^Pr\o, Xos, Isr, Isr, Isr, Isr, Isa^Qhu, Isa^Qhu, Xoa, Xoa, Xoa, Xos, Xos, Xos, Xos, Xos, Xos
Xos, Xos, Xos, Xos, Xos, Xos, Xos, Uue^Qhu, Uue^Qhu, Xoa^Efs, Xoa, Isr, Isr, Isr, Isr, Xos^Efs, Isr^Pr\o, Isr, Isr, Isr, Isr, Isr, Isr, Xos, Xos^Efs, Isr, Isa^Qhu, Isa^Qhu, Isa^Qhu, Isa^Qhu, Uue^Qhu, Xoa, Xos, Xos, Xos, Xos, Xos, Xos
Xos, Xos, Xos, Xos, Xos, Xos, Xos, Isa^Qhu, Isa^Qhu, Isa^Qhu, Isr, Xos, Isr^Pr\o, Isr, Isr, Isr, Isr, Isr^Pr\o, Xos, Isr, Isr, Isr, Isr, Isr, Isa^Qhu, Xoa, Xoa, Isa^Qhu, Isa^Qhu, Isa^Qhu, Isa^Qhu, Xoa, Xos, Xos, Xos, Xos, Xos, Xos
Xos, Xos, Xos, Xos, Xos, Xos, Xos, Uue^Qhu, Uue^Qhu, Isa^Qhu, Isr, Isr, Isr, Isr^Pr\o, Xos, Xos, Isr, Isr, Isr, Xos, Xos^Efs, Isr, Isa^Qhu, Isa^Qhu, Isa^Qhu, Isa^Qhu, Uue^Qhu, Xur, Xoa, Isa^Qhu, Uue^Qhu, Xoa, Xos, Xos, Xos, Xos, Xos, Xos
Xos, Xos, Xos, Xos, Xos, Xos, Xos, Uue^Dr, Uue^Qhu, Isa^Qhu, Isa^Qhu, Isr, Xos, Xos^Efs, Isr, Isr, Isr, Isr, Isr, Isr, Isa^Qhu, Xoa, Xoa, Isa^Qhu, Isa^Qhu, Isa^Qhu, Uue^Qhu, Uue^Qhu, Uue^Dr, Xoa, Uue^Dr, Xoa, Xos, Xos, Xos, Xos, Xos, Xos
Xos, Xos, Xos, Xos, Xos, Xos, Xos, Xos, Xos, Isa^Qhu, Xos, Xos, Isr, Isr, Isr, Isr, Xos, Isr, Isa^Qhu, Isa^Qhu, Isa^Qhu, Isa^Qhu, Isa^Qhu, Xur, Xoa, Uue^Qhu, Xoa, Uue^Qhu, Uue^Dr, Xoa, Xoa, Xoa, Xos, Xos, Xos, Xos, Xos, Xos
Xos, Xos, Xos, Xos, Xos, Xos, Xos, Xos, Xos, Xos, Xos, Isr, Isr, Isr, Isr, Isr, Isa^Qhu, Xoa^Efs, Xoa, Isa^Qhu, Uue^Qhu, Isa^Qhu, Isa^Qhu, Isa^Qhu, Uue^Qhu, Xoa, Uue^Dr, Xoa, Xos, Xos, Xos, Xos, Xos, Xos, Xos, Xos, Xos, Xos
Xos, Xos, Xos, Xos, Xos, Xos, Xos, Xos, Xos, Xos, Xos, Xos, Xos, Isr, Isa^Qhu, Isa^Qhu, Isa^Qhu, Isa^Qhu, Isa^Qhu, Xur, Xoa, Isa^Qhu, Isa^Qhu, Isa^Qhu, Isa^Qhu, Uue^Qhu, Xos, Xoa, Xos, Xos, Xos, Xos, Xos, Xos, Xos, Xos, Xos, Xos
Xos, Xos, Xos, Xos, Xos, Xos, Xos, Xos, Xos, Xos, Xos, Xos, Xos, Xos, Xos, Isa^Qhu, Uue^Qhu, Isa^Qhu, 1 Isa^Qhu, Isa^Qhu, Uue^Qhu, Xoa^Efs, Xoa, Uue^Qhu, Xos, Xos, Xos, Xos, Xos, Xos, Xos, Xos, Xos, Xos, Xos, Xos, Xos, Xos
Xos, Xos, Xos, Xos, Xos, Xos, Xos, Xos, Xos, Xos, Xos, Xos, Xos, Xos, Xos, Xos, Xos, Isa^Qhu, Isa^Qhu, Isa^Qhu, Uue^Qhu, Uue^Dr, Xos, Xos, Xos, Xos, Xos, Xos, Xos, Xos, Xos, Xos, Xos, Xos, Xos, Xos, Xos, Xos
Xos, Xos, Xos, Xos, Xos, Xos, Xos, Xos, Xos, Xos, Xos, Xos, Xos, Xos, Xos, Xos, Xos, Xos, Xos, Isa^Qhu, Xos, Xos, Xos, Xos, Xos, Xos, Xos, Xos, Xos, Xos, Xos, Xos, Xos, Xos, Xos, Xos, Xos, Xos
Xos, Xos, Xos, Xos, Xos, Xos, Xos, Xos, Xos, Xos, Xos, Xos, Xos, Xos, Xos, Xos, Xos, Xos, Xos, Ds, Xos, Xos, Xos, Xos, Xos, Xos, Xos, Xos, Xos, Xos, Xos, Xos, Xos, Xos, Xos, Xos, Xos, Xos
