Gg, Gg, Mm, Gg, Hh, Gg, Hh^Fp, Mm^Fp, Mm, Gg, Mm, Gg, Hh, Gg, Gg^Fp, Gg, Mm, Mm, Hh, Mm, Mm, Gg, Hh, Gg, Gg^Fp, Gg, Wwr, Mm, Hh, Gg, Gg, Gg^Fp, Gg, Gg, Gs, Gg, Gs, Gg, Gg, Gg
Gg, Hh^Fp, Hh, Mm, Hh, Gg^Fms, Hh^Fp, Hh, Mm, Mm, Mm, Hh^Fp, Ww^Ewl, Gg^Fp, Hh^Fms, Hh, Mm, Mm, Mm, Mm, Hh^Es, Hh^Fp, Gs, Gg, Gg^Fp, Hh^Efm, Wwr, Mm, Hh, Hh^Fp, Gs^Fp, Gs, Isa, Gg^Fms, Gg^Fms, Gg^Fp, Gg^Efm, Gs^Es, Isa, Isa
Re, Gg^Efm, Hh^Es, Hh^Fp, Gll^Dr, Hh^Es, Mm, Mm, Hh^Es, Mm, Hh^Fp, Ww^Wkf, Ww, Dd, Gg, Hh^Fms, Hh^Fp, Hh^Es, Mm, Hh, Hh, Gg^Fp, Re, Rb^Gvs, Rb^Gvs, Gg^Fms, Ww, Hh^Fp, Isa, Gs^Fp, Rr^Ii, Gs^Fp, Gg^Ii, Gg^Fp, Gg^Fp, Gg^Fp, Gg^Edp, Gs, Isa, Isa
Gg^Es, Re, Isa, Gg^Efm, Gg^Fp, Hh, Mm, Mm, Hh, Hh^Fp, Rb^Gvs, Hh, Re^Vo, Gg, Gs^Fp, Gg^Fms, Gll, Hh^Efm, Mm, Mm, Hh^Fp, Re, Gs^Fp, Re^Vo, Wwr, Wwr, Hh, Gg^Fp, Gg^Es, Gs^Fp, Gs^Fms, Gs^Fp, Gg, Gg^Fp, Re, Re, Re, Re, Re^Edp, Gg
Hh, Re, Re, Hh, Gg^Fms, Hh, Hh^Fp, Hh^Fp, Gll^Efm, Gg^Eff, Hh^Eff, Rb^Gvs, Gs^Eff, Re, Re, Hh, Gg, Hh^Fp, Hh, Hh^Efm, Gs, Re^Fp, Isa, Ww, Ss, Hh, Hh^Fp, Gll, Gg, Gg^Ii, Gg^Efm, Gg, Re, Re, Gg^Fp, Gs, Gg^Es, Gg, Gg^Fp, Gg
Gg, Hh, Re, Hh, Gg^Edp, Gg, Hh, Hh^Es, Gg^Edp, Gs^Es, Hh, Gg^Eff, Gg^Fp, Gs, Gg^Efm, Re, Isa, Gg, Gll, Gg, Gg, Gg, Re, Wwr, Ww^Ewf, Ds, Rb^Gvs, Gg^Eff, Gs^Eff, Hh, Re, Re, Gg^Fp, Re, Gg^Fetd, Gg^Edp, Gg^Fp, Gg, Gll^Efm, Gg
Gg, Gg, Re, Re, Gg, Gg^Fp, Gg, Gg, Hh, Gg, Hh, Hh, Hh^Fp, Gg, Gg, Gs^Fp, Isa, Gg^Efm, Co, Co, Co, Isa, Gg, Hh, Wwr, Rb^Gvs, Rb^Gvs, Gg^Fp, Gg^Eff, Gg^Eff, Re, Gg^Es, Gg, Re, Re, Gg^Fp, Gs^Fp, Gs, Gs, Gg
Gg, Hh^Es, Gg, Re, Re, Gll, Gg^Es, Gs^Fp, Gg, Gs^Efm, Gg, Gg, Gg, Gg, Gg, Gs^Qhh, Gg^Qhhf, Isa^Vo, Co, 3 Ko, Co, Gg, Hh, Hh, Gg^Fp, Ww, Isa, Isa^Vo, Re, Re, Gg, Gs, Hh, Gg, Gs^Fp, Re, Gs^Fetd, Gs^Fp, Gs^Fms, Gs^Fp
Gg, Gg, Gg^Edp, Gg^Es, Gg, Re, Isa, Gg, Gll, Gs, Hh, Hh, Gg, Gg^Qhh, Hh^Fp, Gg^Qhh, Hh, Gg^Qhhf, Isa, Co, Gg, Gg^Fp, Gg, Ss, Wwr, Ww, Re, Re, Gg, Gs, Gs^Efm, Gg^Fp, Gg^Fp, Gg, Gs^Fp, Re, Re, Gs^Fp, Gs^Fp, Gg
Gg, Gll^Es, Gg, Gll^Efm, Rb^Gvs, Gg, Isa^Vh, Isa, Gg, Gg, Gg, Hh, Gll, Gg, Gg, Gg, Gg, Gg^Qhhf, Isa, Gg^Ebn, Hh^Fp, Gg^Fp, Ww, Wwr, Gg, Ss, Re, Gg^Ewsh, Gs, Gg, Gg, Gll, Gg^Fp, Gg^Es, Gs^Fp, Gs^Fp, Gs^Fp, Re^Ve, Gs^Fp, Gg
Ss, Gg, Dd, Rb^Gvs, Rb^Gvs, Rb^Gvs, Gg^Es, Re, Re, Gg, Gg^Efm, Gg, Gg, Gg, Gg^Fp, Gg^Qhh, Gg, Gg^Fp, Gg^Fp, Isa, Re, Gg, Ds, Ww, Re, Re, Gg^Efm, Gll, Gg^Fp, Gg, Gg^Fp, Gg, Gg, Gg, Gs^Fp, Gs^Fms, Re, Re, Gs^Fp, Gs^Fp
Wot, Ss, Ss, Ss, Ss^Ftp, Ss^Ftp, Wwf, Gg, Gg, Re, Isa, Re, Re, Gg^Edp, Gg, Gg, Gg^Efm, Gg, Gll, Gg, Isa, Gg, Re^Efs, Wwr^Bsb/, Ww, Gg^Es, Gg, Gg, Hh, Gg, Gg, Gg, Gs^Fp, Gs^Fp, Gs^Fp, Gs^Fp, Re, Gs^Fp, Gs^Fms, Gs^Fp
Wot, Ww^Ewl, Sm, Sm, Ds^Ewsh, Sm, Ss, Ss, Gg, Gg^Es, Gg, Gg, Gg^Edp, Re, Re, Re, Re, Gg, Gg, Gg, Re, Re, Ww, Re^Efs, Ww, Gg, Gg^Fp, Gg, Gg^Fp, Gll, Gs^Fp, Gs^Fp, Cv, Gs^Fp, Isa, Re, Gs^Fp, Gs^Fp, Gs, Gg
Ss, Ww^Wkf, Ww^Ewf, Ss, Sm, Ss^Ftp, Wwf, Gg, Gg, Gg, Gg, Gll^Fp, Gs, Gg, Gg, Gll^Fp, Gg, Re, Re, Isa^Vh, Isa, Ww^Ewf, Gg^Efm, Ww, Gg^Fp, Gg, Hh^Fp, Gg, Gg, Gg, Gs^Fp, Cv, 2 Kv, Cv, Isa, Re, Gs^Efm, Gg^Edp, Gs^Qhuf, Gs^Fp
Sm, Ww, Wot, Wot, Ss^Ftp, Gs, Gg, Ss^Ftp, Gg, Re^Gvs, Re^Gvs, Gg, Hh^Es, Hh, Gg, Gg, Gll^Fp, Gg^Ewsh, Gg, Re, Ww^Bsb|, Wwr, Gg, Gg, Gll, Gg, Gg, Gg^Fp, Gg, Gg^Ve, Gs^Fp, Cv, Cv, Cv, Gg^Ebn, Gs^Fp, Gs^Fp, Gs^Fp, Gg^Qhu, Gg^Qhuf
Sm, Sm, Sm, Wot^Wkf, Sm, Ss, Wwf, Gg, Wwf, Gg, Gg^Ve, Gg, Gg^Es, Hh^Es, Hh^Fp, Gg, Gs^Fp, Gll^Fp, Ss, Wwf, Isa, Ds, Gg, Gg^Es, Gg, Hh^Es, Hh, Gg, Gg^Efm, Gs^Fp, Gs^Fp, Gs^Fp, Isa, Gs^Fp, Gg, Gs^Fp, Hh^Fp, Gs^Fms, Gs^Qhuf, Gs^Fp
Sm, Ww^Ewf, Wwf, Ww^Wkf, Ss, Ss^Ftp, Gg^Efm, Gg, Wwt, Wwf, Ss, Gg, Gg, Gg, Gll^Fp, Ss, Ww, Wwr, Wwr, Wwf, Re^Ve, Re, Gg, Gg, Gg, Gg^Fp, Gg, Hh^Fp, Gs^Fp, Gs^Fetd, Gs^Fms, Gs^Fp, Isa^Ve, Gs^Fp, Gs^Fp, Gs^Fp, Gg, Hh^Fp, Hh^Fp, Gg
Gg, Ss^Ftp, Wot, Wwf, Wwf, Ds, Gg, Ds, Wwf, Gg, Ss, Gg^Es, Dd, Hh, Wwf, Wwr, Hh, Gll^Fp, Gg, Dd^Ewsh, Gg, Isa, Re, Gg^Efm, Gg, Hh, Gll, Gg, Gs^Fp, Gg, Gs^Fp, Gs^Fp, Gs^Fp, Isa, Re, Gs^Fp, Gs^Fp, Hh^Fms, Hh^Fp, Gs^Fp
Wwt, Ss, Ss^Efm, Ww^Ewl, Wot, Ss, Gg^Ve, Wwf, Sm, Wwf, Dd, Hh, Ss, Wwf, Wwr, Dd, Gg, Gs^Es, Gg, Gg, Gg^Efm, Gg, Re, Gg, Gg^Es, Gg^Edp, Gg, Gs^Fp, Gs^Fp, Gg, Gs^Fp, Gs^Fms, Hh^Fp, Gs^Fp, Isa, Gs^Fp, Gs^Fms, Hh^Fp, Gs^Fp, Gs^Fp
Ww^Wkf, Wwf, Ss^Ftp, Ww^Wkf, Wwf, Gg, Wwf^Bw\, Wwf^Wkf, Wot, Ww^Ewf, Wwf, Ww^Wkf, Ss, Wwf, Gg, Ss, Gg, Gg, Gg^Efm, Gg, Gg^Fp, Gs, Gg, Re, Re, Re, Re, Gll, Gs^Fp, Gs^Fms, Hh, Hh^Fp, Hh, Hh^Fp, Gs^Fp, Re, Isa, Gs^Fp, Gs^Fp, Gs^Fp
Ww, Ss, Wwf, Sm, Ss^Qhu, Wot, Wwf^Ewl, Sm^Bw\, Gg^Vh, Wot, Ss^Ftp, Wwt, Sm, Ww^Wkf, Wwf, Ss^Ewf, Gg^Fp, Gg, Gg, Gg, Gg, Gg^Es, Gg, Gll, Gg^Efm, Gg, Isa, Isa^Ve, Gs^Fp, Gs^Fp, Gg^Es, Hh^Fp, Gs^Fp, Gll^Es, Gs^Fp, Re, Gs^Fp, Re^Ve, Gg^Gvs, Gg
Sm, Ww^Wkf, Wot, Ss^Qhu, Ss^Qhu, Ss^Qhu, Ss^Qhu, Wwf, Ww^Bw/, Gg, Ww^Ewl, Ss, Ww^Ewl, Wwf, Ss^Ftp, Gg, Gg^Efm, Gg, Gs^Es, Gg, Gg^Fp, Hh, Gs, Gg^Fp, Hh^Es, Gg, Gg^Es, Isa, Re, Gs^Fp, Gs^Fp, Hh^Fp, Gs^Fms, Gs^Fp, Re, Re, Gs^Fp, Gll^Edp, Gs^Fms, Gs^Fp
Ss, Ss, Sm, Ww^Wkf, Ss^Qhu, Ss^Qhu, Ss^Qhu, Ss^Qhu, Ss^Qhu, Ss^Qhu, Ss^Qhu, Wot, Sm, Wwf, Gll, Gg, Gg, Gg, Hh, Gg, Gg, Hh, Gs, Gg, Gg^Es, Gg, Gs^Fp, Gs^Fp, Re, Gs^Fp, Gs^Fp, Gs^Fp, Gs^Fp, Gs^Fp, Re^Ve, Gs^Fp, Gs^Fp, Gs^Fp, Gs^Qhuf, Gg
Sm, Ww^Ewf, Ss, Wwf, Ss^Qhu, Ss^Qhu, Ss^Qhu, 8 Khs^Qhu, Ss^Qhu, Ss^Qhu, Ss^Qhu, Ss^Qhu, Ds^Ewsh, Ss^Ftp, Gg, Gg, Gg^Vh, Gg, Gs, Gg^Edp, Hh, Hh^Es, Gg, Gs^Fp, Gs^Fp, Gg^Es, Gs^Fp, Re, Gs^Fp, Re, Isa, Gs^Fp, Re, Isa, Gs^Fp, Gg^Es, Gs^Qhuf, Gs^Fp, Gs^Qhuf, Gg
Ss^Ftp, Sm, Ss^Ftp, Wwf, Ww^Ewl, Ss^Qhu, Ss^Qhu, Ss^Qhu, Wwf, Ss^Qhu, Ss^Qhu, Ww, Wwf, Gll, Gg^Eff, Gg^Eff, Re^Gvs, Gs^Eff, Gg^Eff, Gg^Edp, Gg, Gll^Es, Gg^Fp, Hh, Hh, Gg, Hh^Fp, Gs^Fp, Gs^Fetd, Gs^Fp, Re, Re, Gs^Fp, Gs^Fp, Gs^Fp, Gs^Fp, Gs^Qhu, Hh^Fp, Hh^Fp, Gg
Ww, Ww, Ds, Ww^Wkf, Gg, Ss^Qhu, Ww, Ss^Qhu, Ww^Bw\, Wot, Sm, Sm, Wwf, Gs, Gs^Eff, Gg^Eff, Re^Emf, Gg^Wm, Gg^Eff, Gg^Eff, Gll^Es, Gg, Hh^Fp, Hh, Mm, Hh^Fp, Hh, Gs^Fp, Gs^Fp, Gs^Fp, Re, Gs^Fp, Gs^Fp, Gs^Fms, Gs^Qhuf, Gs^Qhuf, Hh^Fp, Gg^Dr, Hh^Fp, Gs^Fp
Ww, Gg^Efm, Ss, Gg^Vh, Wwf, Ww^Wkf, Sm, Wwf, Wwt, Wwf, Ww^Bw\, Ww^Ewl, Gg, Gg^Es, Gg, Gg^Eff, Gg^Eff, Gs^Eff, Gs, Gg^Fp, Gg, Gs, Hh^Fp, Mm, Hh^Fp, Hh^Fp, Gs^Fp, Gs^Fp, Gs^Fms, Gs^Fp, Gs^Fp, Re, Gs^Fp, Gs^Fp, Gs^Fp, Hh^Qhu, Gll^Fp, Hh^Fp, Hh^Es, Gs^Fp
Gg, Gg, Ww, Dd, Ww^Ewf, Ww, Ww^Wkf, Ss, Ww, Sm, Wwf, Gg, Gs, Ds, Gg, Ss, Gg, Gg^Edp, Gll, Gg, Gg, Gs^Fp, Gg, Hh, Gs^Fp, Hh^Fp, Gs^Fms, Gs^Qhuf, Re^Qhuf, Gs^Fp, Gs^Fp, Re, Gs^Fp, Re, Gs^Fp, Hh^Qhuf, Hh^Fp, Hh^Fp, Gg^Es, Gg^Dr
Gg, Ss^Ftp, Ds^Ewsh, Wwf, Ss, Gg^Ftp, Ss, Ww^Ewf, Wot, Ww^Ewf, Ww^Wkf, Ds, Gg^Dr, Gll, 1 Ker, Gg, Gg^Efm, Gg, Gg, Gs^Efm, Hh, Gll, Gg^Edp, Gs^Fp, Gs^Fp, Hh^Fp, Gs^Qhuf, Gs^Fp, Gs^Qhuf, Gs^Fetd, Gs^Fp, Isa, Re, Gs^Fp, Gs^Fp, Gs^Fms, Gg^Qhuf, Gs^Qhu, Gs^Qhuf, Gs^Fp
Ss, Ss, Ww, Wwf, Ss^Ftp, Ss^Ftp, Ss^Efm, Ss, Ww^Wkf, Wot, Ww^Wkf, Ds, Ss, Ss, Gs, Gs, Gg, Gs, Gg^Edp, Gg^Fp, Gg^Fp, Gg^Es, Gs^Fp, Gs^Fp, Gll^Dr, Gs^Qhuf, Gs^Qhuf, Hh^Fp, Hh^Fms, Gs^Fp, Gs^Qhuf, Gs^Fp, Gs^Fp, Re, Gs^Fp, Gs^Fp, Re^Qhuf, Gs^Qhuf, Gs^Qhuf, Gg
Sm, Sm, Ss, Ss^Ftp, Ss^Ftp, Ss, Ss^Ftp, Ss^Ftp, Sm, Ww, Wot, Wot, Wot, Gg, Gg, Gg^Edp, Gg^Es, Gs, Gs, Gg, Gg^Efm, Gg, Gs^Fp, Gs^Fetd, Gs^Fp, Gs^Qhu, Gg^Qhu, Gs^Fp, Hh^Qhuf, Gs^Qhuf, Gs^Qhuf, Gs^Qhuf, Gs^Qhuf, Re, Isa, Gs^Fp, Gs^Fp, Gs^Qhuf, Gs^Fp, Gs^Fp
Gg, Ss, Ss, Ss, Ss^Ftp, Ss, Ss, Ss, Gg, Ww^Wkf, Ww, Ww^Ewl, Wwf, Ss, Gg, Ss, Gg, Gll, Gg, Hh, Gg, Gs^Fp, Gs^Fp, Gg^Es, Gg, Gs^Fp, Gg, Gg^Dr, Gs^Fp, Gs^Qhuf, Gs^Fp, Gg^Qhuf, Gg, Gs^Fp, Re, Gg, Re, Gs^Fms, Gg, Re
