Wo, Wo, Wo, Wo, Wo, Wo, Wo, Wo, Wo, Wo, Wo, Wo, Wo^Wkf, Wo, Wo, Wo, Wo, Wo, Wo, Wo, Wo, Wo, Wo, Wo, Wo, Wo, Wo, Wo, Wo, Wo, Wo, Wo, Ww, Wo, Wo, Wo, Ww, Wo, Wo, Wo, Wo, Wo, Wo, Wo, Wo, Wo, Wo, Wo, Wo, Wo, Wo, Wo, Wo, Wo, Wo, Wo, Wo
Wo, Wo, Wo, Wo, Wo, Wo^Wkf, Wo, Wo, Ww^Wkf, Wo, Wo, Wo, Ww, Wo, Ww, Wo, Ww, Ww, Ww, Wo, Ww, Wo, Wo, Wo, Wo^Wkf, Ww, Wo^Wkf, Wo, Ww, Ww, Ww, Wo, Wo, Wo, Wo, Wo, Wo, Wo, Wo, Wo, Wo, Wo, Wo, Wo, Wo, Wo, Wo, Wo, Wo, Wo, Wo, Wo, Wo, Wo, Wo, Wo, Wo
Wo, Wo, Wo, Wo, Wo, Wo, Wo^Wkf, Ww, Ww, Ww, Ww^Wkf, Wo, Ww, Ww, Ww^Wkf, Ww^Wkf, Wwr^Es, Ww, Ww, Wo, Ww^Wkf, Wo, Wo, Ww^Wkf, Ww, Wo, Ww^Wkf, Ww, Ww, Ww, Ww, Wo, Ww^Wkf, Wo, Ww, Wo, Wo^Wkf, Wo^Wkf, Wo, Wo, Wo^Wkf, Ww^Wkf, Wo, Ww, Wo, Wo, Wo, Wo, Wo, Wo, Wo, Wo, Wo, Wo, Wo, Wo, Wo
Wo, Wo, Wo, Wo, Ww, Wo, Wo, Wo, Ww, Ww, Ww^Wkf, Ww^Wkf, Ds, Ww^Wkf, Ww, Wwr^Wkf, Ww, Wo, Ww, Wo^Wkf, Ds, Ww, Ww, Wo^Wkf, Ds, Ww, Wwr, Wwr^Es, Wwr, Wo, Ww, Wwr, Wwr^Wkf, Ww, Ww, Wo, Ww, Wo^Wkf, Ww, Ww, Ww^Wkf, Ww, Wo, Wo, Wo, Ww, Wo, Wo, Wo, Wo, Wo, Wo, Wo, Wo, Wo, Wo, Wo
Wo, Wo, Wo, Wo, Wo, Wo, Wo, Ww, Ww^Wkf, Wo, Ww, Ds, Ww, Ds^Ewsh, Ds, Ww, Wwr^Wkf, Ww^Wkf, Ds, Gs, Gll^Fp, Ds^Ewsh, Gll^Fp, Gg, Gs^Vh, Ds, Ds^Ewsh, Wwr^Es, Wwr, Ww, Ds, Wwr, Ww^Wkf, Ww, Wo, Wo, Wwr, Wwr, Wwr, Wwr^Es, Wwr, Ww, Ww, Wo, Wo^Wkf, Wo, Wo, Wo, Wo, Wo, Wo, Wo, Wo, Wo, Wo, Wo, Wo
Wo, Wo, Wo, Wo, Wo, Wo^Wkf, Wo^Wkf, Wo, Ww, Wwr^Es, Wwr, Ww^Wkf, Re^Gvs, Re^Gvs, Gg, Ww, Ww, Ww^Wkf, Ds^Ewsh, Gg, Gs, Gll^Fp, Gll^Fp, Gs, Ch, Ch, Ds, Ww, Ww, Ww^Wkf, Ds, Ds^Ewsh, Ds, Ww^Wkf, Ww, Wo^Wkf, Ww^Wkf, Wo, Ww, Wwr^Es, Ww, Ww^Wkf, Wo^Wkf, Wo, Wo, Wo, Wo, Ww, Wo, Wo, Wo, Wo, Wo, Wo, Wo, Wo, Wo
Wo, Wo, Wo, Wo, Wo, Wo^Wkf, Wo, Wo^Wkf, Ww, Wwr^Es, Wwr^Wkf, Ww, Re^Gvs, Re^Gvs, Gg, Ww, Gs^Ft, Ds, Re^Gvs, Re^Gvs, Re^Gvs, Gll^Fp, Gs, Gs, Ch, 4 Kh, Ds, Ww, Ds, Ww^Wkf, Gs^Ft, Gs, Ds, Ww^Wkf, Ww, Wo, Ds, Ww, Ds, Ww, Wo^Wkf, Wo, Wo, Wo, Ww, Wo, Ww, Wo, Wo, Wo, Wo, Wo, Wo, Wo, Wo, Wo, Wo
Wo, Wo, Wo, Wo, Wo, Wo, Wo, Wo, Wwr, Ww^Wkf, Ww^Wkf, Re^Gvs, Re^Gvs, Re^Gvs, Ww, Gs^Ft, Ds^Ewsh, Re^Gvs, Gg, Re^Gvs, Re^Gvs, Re^Gvs, Ww^Wkf, Ch, Gs, Ch^Efs, Ww^Wkf, Ds^Ewsh, Gs, Ww, Gs^Ft, Gs, Rd, Ds^Ewsh, Ds, Ww, Ds^Ewsh, Ds, Ds^Ewsh, Ww, Ds, Ww^Wkf, Ww, Ww, Wo, Wo, Wo, Wo, Wo, Wo, Wo, Wo, Wo, Wo, Wo, Wo, Wo
Wo, Wo, Wo, Wo, Wo, Ww, Wo, Ww, Wwr^Es, Wwr, Ww, Re^Gvs, Ww, Ww^Wkf, Ww, Ww, Ds, Gs^Vh, Gg^Fet, Ww^Wkf, Ww, Ww, Ww^Wkf, Ww, Re^Gvs, Ww, Ds, Ds, Gs^Vht, Ww, Gll^Fp, Rd, Gs^Fms, Ds, Ds^Ewsh, Ds, Gs^Fms, Gs, Gs, Ds, Ds^Ewsh, Ww^Wkf, Ww, Ww^Wkf, Wo, Wo^Wkf, Wo, Wo, Ww, Wo, Wo, Wo, Wo, Wo, Wo, Wo, Wo
Wo, Wo, Wo, Wo, Wo, Wo, Wo, Ww^Wkf, Ww, Ww, Ww^Wkf, Ww, Wo, Wo^Wkf, Ww, Ww^Wkf, Ds, Gs^Fms, Gs^Fms, Ww^Ewf, Ww, Ww, Gs^Fms, Re^Gvs, Re^Gvs, Ww^Bw\, Ds, Gs^Fms, Ww, Ww^Bw\, Gs^Fds, Rd, Gs^Vht, Gs^Fds, Rd, Gs^Fms, Gll^Fp, Gs^Es, Gs^Ft, Ds, Ds^Ewsh, Ww, Wwr^Wkf, Ww^Wkf, Ww, Wo^Wkf, Ww, Wo, Wo, Wo, Wo, Wo, Wo, Wo, Wo, Wo, Wo
Wo, Wo, Wo, Wo, Wo, Wo, Wo, Wo, Ww, Wo, Ww, Ww, Ww^Wkf, Ww, Ds, Ds^Ewsh, Gs, Rd, Ch, Ch, Ch, Ds, Gs^Fds, Re^Gvs, Gll^Fp, Ww, Gs^Fms, Gs^Fms, Ww^Bw\, Ww^Wkf, Gs^Fds, Rr, Rr, Gll^Fp, Gll^Fp, Gll^Fp, Rp^Eff, Gll^Fp, Rp^Eff, Gs^Ft, Ds, Wwr, Ww, Ww, Ww^Es, Ww, Ww^Wkf, Ww, Wo, Wo^Wkf, Wo, Wo, Wo, Wo, Wo, Wo, Wo
Wo, Wo, Wo, Wo, Wo, Wo, Ww, Wo^Wkf, Wwr, Wwr^Wkf, Ww, Ds, Ds^Ewsh, Ds, Gs^Ft, Gs^Ft, Gs^Es, Rd, Ch, Ch, Ch, Gs, Gs^Fds, Gll^Fp, Gll^Fp, Ww, Gs^Ft, Gs^Ft, Ww^Ewl, Gs^Fds, Gg^Eff, Rr, Rr, Gll^Fp, Rp, Rp, Rp, Rp^Eff, Rr^Vhc, Rp, Rr, Ww^Bw/, Wwr, Wwr, Hh^Fds, Wwr^Es, Wwr, Ww, Wo^Wkf, Wo, Ww, Wo, Wo, Ww, Wo, Wo, Wo
Wo, Wo, Wo, Wo, Wo, Wo, Wo, Wo^Wkf, Wo, Wwr^Es, Wwr^Wkf, Ww, Ww, Ds, Ds^Ewsh, Gs^Ft, Gs, Gs, Ch, 3 Kh, Gs, Ch, Ch, Gs^Fds, Gll^Fp, Ww^Ewf, Gll^Fp, Ww, Gs^Fms, Gg^Eff, Gs^Eff, Gll^Fp, Rp, Rp, Rr^Vhc, Rp, Rp^Ebn, Rr, Rp^Eff, Rp^Eff, Gll^Fp, Ds, Hh, Hh, Hh^Fds, Ww^Wkf, Ww, Ww, Wo, Wo, Wo, Wo, Wo, Wo, Wo, Wo, Wo
Wo, Wo, Wo, Wo, Wo, Wo, Wo, Wo, Wo, Wo^Wkf, Ww, Ww, Ww^Wkf, Ww, Ww^Wkf, Ds, Ds^Ewsh, Ch, Ch, Gs, Ch, Ch, Gg, Gg, Re^Gvs, Ww^Ewl, Gs, Gs^Fms, Gs^Fms, Gs^Eff, Gs^Eff, Ket, Rr, Rp, Rr, Rr, Rr, Rr^Eff, Rp^Eff, Gll^Fp, Gs^Fds, Hh, Hh^Fds, Hh^Fds, Hh, Ww, Wo, Ww, Ww, Wo, Wo, Wo, Wo, Wo, Wo, Wo, Wo
Wo, Wo, Wo, Wo, Wo, Wo, Wo, Wo, Wo^Wkf, Wo^Wkf, Ww, Wo, Wwr, Wwr^Wkf, Ww, Ww, Ds, Re^Gvs, Re^Gvs, Ch, Re^Gvs, Ch, Gg^Fet, Re^Gvs, Re^Gvs, Re^Gvs, Gs^Vc, Gll^Fp, Rr, Rr, Rr, Rr, Ket, Rp, Rr^Vhc, Rp, Gll^Fp, Rp^Eff, Gll^Fp, Gs^Ft, Gs^Ft, Hh, Hh, Hh, Ww^Wkf, Ww^Wkf, Ww, Ww, Ww^Wkf, Wo^Wkf, Wo, Wo, Wo, Wo, Wo, Wo, Wo
Wo, Wo, Wo, Wo, Wo, Wo, Wo, Wo, Ww, Wo, Wo^Wkf, Ww, Wwr^Es, Ww^Es, Wwr^Wkf, Ww^Wkf, Ww, Re^Gvs, Re^Gvs, Re^Gvs, Re^Gvs, Gs^Vht, Gs^Fds, Re^Gvs, Rd, Re^Gvs, Gs^Fds, Rr, Gs^Es, Gs^Vht, Gg^Es, Gg, Gll^Fp, Gs^Fds, Gs^Fds, Rp, Gll, Re^Fds, Gs^Fds, Gs^Fds, Gs^Ft, Ds, Ds^Ewsh, Ww, Wwr, Wwr, Ww^Wkf, Ww, Wo, Ww, Wo, Wo, Ww, Wo, Wo, Wo, Wo
Wo, Wo, Wo, Wo, Wo, Wo, Ww, Wo, Ww, Wo, Wo, Wo^Wkf, Wwr, Wwr^Es, Ww, Ww, Ds, Ds, Rd, Rd, Gll^Fp, Gll^Fp, Gll^Fp, Gs, Gs, Gs^Fds, Rd, Gs, Gs^Vc, Gs, Hh, Gg, Gs, Gs^Vh, Gs^Fms, Gll, Gll, Gll^Fp, Gs^Fds, Gs^Fds, Gs^Ft, Ds, Ds^Ewsh, Wwr, Ww, Wwr^Wkf, Ww, Ww, Ww, Wo, Wo, Wo, Wo, Wo, Wo, Wo, Wo
Wo, Wo, Wo, Wo, Wo, Wo, Wo, Wo, Wo, Wo, Wo^Wkf, Wo, Ww^Wkf, Ww, Ww, Ww^Wkf, Ket, Gs^Vht, Gg^Fet, Gs^Fds, Gs^Fds, Gs, Rd, Gs^Fds, Rr, Rr, Gs, Gs, Gs, Hh, Mm, Hh, Hh^Fds, Gs^Fds, Gs^Fds, Gll^Fp, Gll, Gll^Fp, Gll^Fp, Gs^Fds, Gs^Fds, Gs^Ft, Hh, Hh, Hh, Ww, Ww^Wkf, Ww^Wkf, Ww, Wo, Wo, Wo, Wo, Wo, Wo, Wo, Wo
Wo, Wo, Wo, Wo, Wo, Wo, Wo, Wo, Wo, Wo^Wkf, Wo, Wwr^Wkf, Ww^Es, Wo^Wkf, Ww, Ds, Gll^Fp, Gll^Fp, Gs, Gs, Gs, Rd, Gs, Rd, Gs^Es, Gs^Es, Hhd^Es, Gs^Fms, Gs, Mm, Mm, Mm, Mm, Hh^Fds, Gs^Fms, Gll^Fp, Gll, Gll, Gs^Fms, Gs^Fds, Gll, Gll, Hh^Fp, Hh, Hh^Fp, Hh, Ww, Ww^Wkf, Wo, Ww, Ww, Ww, Wo, Wo, Wo, Wo, Wo
Wo, Wo, Wo, Wo, Wo, Wo, Wo, Wo, Wo, Wo, Wo, Wwr, Wwr^Es, Wwr^Es, Ww, Ds, Gs^Vh, Gs^Eff, Gs^Eff, Gs^Fds, Gs, Rd, Gg^Vh, Gs, Hhd, Hhd, Hhd^Es, Mm, Ss, Mm, Mm, Mm, Mm, Hh^Fds, Gs^Fds, Gs^Fms, Gs^Fds, Gll, Gll, Gg, Gll, Gll, Hh, Hh^Fds, Hh^Fp, Hh, Ww^Wkf, Ww, Ww^Es, Ww, Wo, Wo, Wo, Wo, Wo, Wo, Wo
Wo, Wo, Wo, Wo, Ww, Wo, Wo, Wo, Wo, Ww, Wo^Wkf, Wo, Ww, Wwr, Ww, Ww^Wkf, Ds, Gs, Gs^Eff, Gs^Eff, Hh, Rp, Hh, Ket, Hh^Fms, Mm, Mm, Mm, Wwg, Wwg, Wwg, Hh, Mm, Hh, Gg, Gg^Vh, Gs, Gs^Fds, Gg, Gg, Gg, Gg^Vwm, Gg, Hh, Wwr, Wwr, Wwr^Wkf, Ww^Wkf, Wwr, Wo^Es, Ww^Wkf, Wo, Wo, Wo, Wo, Wo, Wo
Wo, Wo, Ww^Es, Wo^Wkf, Ww, Wo, Wo, Wo, Wo, Wo, Wwr, Wwr^Es, Ww^Es, Ww^Wkf, Ww, Ds, Gll, Ket, Rd, Hh, Gg, Rp, Hh, Hh^Fms, Hh^Fms, Mm, Hh, Wwg, Ds, Ss, Ss, Hh, Mm, Gg, Hh^Fms, Gg, Ket, Gg, Ket, Gg^Es, Gs^Fds, Ds, Ds^Ewsh, Ww, Ww^Wkf, Wwr, Ww, Ww^Es, Wwr, Wwr^Wkf, Wo^Wkf, Wo, Wo, Ww, Wo, Wo, Wo
Wo, Wo, Ww^Wkf, Wwr, Wwr, Wo^Wkf, Wo, Wo, Wo^Wkf, Wo, Wwr^Wkf, Wwr^Es, Wwr, Wo, Ww, Ds^Ewsh, Ds, Rd, Gs, Gs^Vwm, Gs^Es, Rd, Hhd, Hh, Hhd, Hh, Ds, Ds, Ss, Wwg, Wwg, Wwg, Mm, Mm, Hh^Fms, Gg, Gg, Rr, Gg, Gg, Gs^Fds, Gg, Ds, Ww, Ww, Wwr^Wkf, Chr, Ww, Ww, Ww^Wkf, Ww^Es, Ww, Ww, Wo, Wo, Wo, Wo
Wo, Wo^Wkf, Ww, Ww, Ww, Wwr, Wwr, Wo^Es, Wo^Es, Wo^Wkf, Wo^Wkf, Wo, Wwr^Wkf, Ww, Wwr^Wkf, Ww^Wkf, Ww, Ds^Ewsh, Ds, Gs, Gs, Rp, Gs, Hhd, Hhd, Mm, Mm, Ds, Ss, Ss, Ss, Ds, Hh, Hh, Hhd, Hh, Gg, Rr, Rr, Gg, Gg, Gs^Fds, Gd^Vhr, Ww, Wwr, Wwr, Ww, Chr, Chr, Ww, Ww, Ww, Ww, Wo, Ww, Wo, Wo
Wo, Ww, Wo^Wkf, Wwr, Wwr, Wwr, Ww, Wo, Wo, Wo, Wo, Wo, Ww, Ww, Ww, Ww^Wkf, Ww, Ww, Ds, Gd^Vhr, Gs^Fms, Rp, Gg, Hhd, Hh, Hh^Fms, Hh, Hh, Wwg, Ds, Ds, Ss, Mm, Hh, Hhd, Hhd^Es, Gg, Gg^Es, Gg, Rr, Rr, Gs^Fds, Gs, Ds^Ewsh, Rp, Ww, 2 Khr, Rd, Rd, Ww, Wwr^Wkf, Ww^Wkf, Wo, Wo, Wo^Wkf, Wo, Wo
Wo, Wo, Wo, Wwr, Ww^Wkf, Wo^Wkf, Wo, Wo, Ww, Ww, Wo, Ww, Wo, Ww, Ww, Ww, Ww, Ww^Wkf, Ww, Ds^Ewsh, Ds, Rp, Rp, Ket, Gll, Hh^Fms, Mm, Mm, Ss, Ss, Ss, Mm, Mm, Gd^Vhr, Gg, Gg^Es, Rr, Rr, Rr, Rr, Rr, Gs^Efm, Ds^Ewsh, Gll, Ww, Ch, Rd, Ch, Rp, Rp, Ww^Wkf, Ww^Wkf, Ww, Wo, Wo, Wo, Wo
Wo, Wo, Wo^Es, Wo^Es, Wo, Wo, Wo, Ww, Ww, Ww, Wo, Wo, Ww, Wo^Wkf, Wwr^Wkf, Wo, Ww, Ww^Wkf, Ww^Wkf, Ww, Ds, Ket, Gs, Rp, Gll, Hh, Hh, Mm, Ss, Wwg, Mm, Mm, Mm, Gd, Gs, Gg^Es, Gg^Fms, Gg, Gg^Es, Gg, Rr, Rr, Ww, Ds, Rp, Ch, Chr, Ch, Chr, Rp, Ww^Wkf, Ww, Wo^Wkf, Ww, Wo, Ww, Wo
Wo, Wo, Wo, Wo, Wo, Wo, Wo, Wo, Wo, Ww, Wo, Wo, Wo, Wo^Wkf, Wwr, Wwr, Wwr^Es, Ww, Ww, Ww, Ds, Gs, Gs^Ft, Rd, Gll, Hh, Hh^Fms, Ss, Ss, Mm, Mm, Hh, Hh, Gg, Gs, Ket, Gg, Gg^Fms, Gg, Gg, Ds, Ds, Chr, Rp, Rp, Chr, Rd, Rp, Rp, Rd, Ww, Ww^Wkf, Ww, Ww, Wo, Wo, Wo
Wo, Wo, Wo, Wo, Wo, Wo, Wo, Wo, Ww, Wo, Ww, Wo, Wo, Wo, Wwr^Es, Wwr, Ww^Es, Ww, Ket, Ww, Ww^Wkf, Gs^Ft, Gs^Ft, Gs^Ft, Rp, Gll, Gll, Hh, Wwg, Hhd^Vhhr, Mm, Mm, Hh^Fms, Gs^Fms, Gg, Gg, Gs, Rd, Rd, Gll, Ds^Ewsh, Ww, Ww^Ewf, Ww, Gll^Fdw, Re, Rd, Chr, Chr, Rd, Ww^Es, Wwr, Wwr, Ww^Wkf, Ww^Wkf, Wo, Wo
Wo, Wo, Wo, Wo, Wo, Wo, Wo, Wo, Wo, Wo, Wo, Wo, 1 Wo, Wo, Ww, Ww, Ww, Ds, Ss, Ww^Wkf, Ww^Ewf, Ds, Gs^Ft, Gg^Fet, Gs, Gg^Es, Gg, Hh, Chw, Mm, Hh, Mm, Gll, Gll, Gg, Gd, Gd, Gg, Gs, Rd, Ds, Ww^Ewl, Ss, Gs^Fdw, Ss, Chr, Ds, Chr, Ww^Wkf, Ww, Ww^Wkf, Wwr^Wkf, Ww, Ww, Wo, Wo, Wo
Wo, Wo, Wo, Wo, Wo, Ww, Ww, Wo, Ww^Wkf, Wo, Ww, Wo, Wo, Wo, Wo, Ww, Ss, Ds^Ewsh, Sm, Ss, Ds^Ewsh, Ds, Gs^Ft, Gs^Ft, Gs, Gg^Es, Wwg, Chw, Wwg, Hh, Rd, Hh, Rd, Gg, Rd, Ket, Gg^Es, Gg, Rb, Rb, Rb, Gs^Fdw, Ss, Ss, Ss, Gs^Fdw, Gs^Fdw, Ds, Ww, Ww^Wkf, Ww^Wkf, Ww, Ww, Wo^Wkf, Wo^Wkf, Wo, Wo
Wo, Wo, Wo, Wo, Wo, Wo, Ww^Wkf, Ww, Wo, Ww, Ww, Wwr, Wwr, Ww, Ww, Ww^Ewl, Gs^Es, Sm, Sm, Ss, Ds, Gll, Gg, Rd, Gs, Wwg, Ds, 6 Khs, Chr, Chr, Gs, Rd, Gd^Fds, Rd, Ket, Rd, Rd, Rd, Rb, Rb, Sm, Sm, Rb, Ss, Ss, Ss, Gs^Ft, Ds^Ewsh, Ds^Ewsh, Ww, Ww, Wo, Ww, Wo^Wkf, Wo, Wo, Wo
Wo, Wo, Wo, Wo, Wo, Wo, Ww, Ww, Ww, Ww^Wkf, Ds, Ds, Gs^Ft, Ww^Ewl, Gs^Ft, Re, Re, Gs^Ft, Re, Gll, Re, Gs^Es, Rd, Ss, Ss, Wwg, Ss, Ss, Gd^Fds, Gs, Gll^Fds, Gs, Gll^Fds, Gll, Gg, Gs^Es, Rd, Re, Rb, Sm, Re, Rb^Fdw, Ss, Rb^Fdw, Sm, Gs^Ft, Ww^Ewl, Dd, Ds^Es, Dd, Wo^Wkf, Ww^Wkf, Wo, Ww, Wo, Wo, Wo
Wo, Wo, Wo, Wo, Wo^Wkf, Wo, Ww, Ww^Wkf, Ww^Wkf, Ww, Gs^Ft, Gs^Ft, Ds, Gs^Ft, Gs^Ft, Sm, Sm, Re^Es, Chr^Dr, Hh^Dr, Hh^Dr, Rp, Gs, Ss, Gs^Es, Ss, Sm^Ewl, Gs^Ft, Gll^Fds, Gll^Fp, Gd^Fds, Gll^Fp, Gll^Fp, Gll^Fds, Rd, Gs, Rd, Gd, Rd, Chr, Ss, Sm, Ss, Rb, Sm, Gs^Ft, Ww^Wkf, Dd, Dd, Dd, Ww, Ww, Wo, Wo, Ww, Wo, Wo
Wo, Wo, Ww, Wo^Wkf, Ww^Wkf, Wwr^Es, Ww, Ww, Ds^Es, Ds^Es, Gll^Fp, Ds, Ss, Ds^Ewsh, Ds, Ds^Es, Chr, Chr, Chr^Dr, Rp^Vhcr, Ww^Wkf, Ww, Ww, Rd, Gll, Ss, Sm, Gs, Gll^Fp, Gd^Fds, Gll^Fp, Gll^Fp, Gll^Fp, Gd^Fds, Gll^Fds, Rd, Rd^Es, Rd, Chr, Chr, Ss, Sm, Re, Ss, Ss, Ss, Ds^Ewsh, Ww, Wwr^Wkf, Ww, Ww, Wo, Wo^Wkf, Wo, Wo, Wo, Wo
Ww, Wo, Wo, Wo, Ww, Wwr, Wwr, Ww, Ds, Gs^Fms, Gs^Fds, Wo, Ss, Ss, Ss, Ds, Chr, Hhd^Dr, Chr, Rr, Ww^Wkf, Ww^Wkf, Ww, Gs^Es, Gll, Sm, Ww^Ewl, Gs, Gll^Fds, Gll^Fds, Gll^Fds, Gll^Fp, Gll^Fds, Gll^Fp, Rd, Gd^Fds, Rp^Vhcr, Rd, Chr, 5 Khr, Ss, Ss, Re, Re^Fdw, Rb^Fdw, Rb^Fdw, Ds, Ww, Wwr, Wwr^Wkf, Ww^Wkf, Wo, Ww, Wo, Wo, Wo, Wo
Wo, Wo, Wo, Wwr, Wwr^Wkf, Ww, Ww, Ww, Ww, Ds^Es, Gll^Fp, Ss, Ds, Ds, Gd, Hhd^Dr, Rp^Vhcr, Sm, Ww, Ss, Ss, Ww, Rr, Re, Gd, Ww, Ww, Ds, Gd^Fds, Gll^Fp, Gll^Fp, Gll^Fds, Gll^Fp, Gll^Fp, Rd, Gd^Fds, Rd, Rd, Chr, Chr, Re, Ss, Ss, Rb, Ss, Ss, Ds, Wo^Wkf, Wo, Ww^Es, Wo, Wo, Wo, Wo, Wo, Wo, Wo
Wo, Wo, Wo, Wwr, Wo^Wkf, Ww^Es, Ww, Ww, Ww^Wkf, Ds^Es, Ds^Ewsh, Gll^Fp, Gg^Fet, Ss, Ss, Gd^Es, Re, Ss, Ss, Ss, Ww, Rp^Vhcr, Ww^Ewl, Re, Ss, Gg, Ww^Wkf, Ds, Gll^Fds, Gll^Fds, Gll^Fp, Gll^Fp, Gll^Fp, Gd^Fds, Gll^Fp, Gll^Fp, Rd, Rd, Gg, Re, Ds, Ds, Gs^Fds, Re, Sm, Sm, Re, Ww, Gs^Ft, Wo^Wkf, Wo, Wo^Wkf, Wo, Wo, Wo, Wo, Wo
Wo, Wo, Wo, Wo^Wkf, Wwr, Ww, Wo^Wkf, Ww, Ww, Ww, Ww^Wkf, Ds, Gs^Ft, Wo, Gs^Ft, Gd, Ds^Ewsh, Ww, Ss, Ww, Ww^Ewl, Ww^Wkf, Ww^Wkf, Ss, Ww, Ww^Wkf, Ww^Ewf, Sm, Gd^Fds, Gll^Fp, Gd^Fds, Gll^Fp, Ds, Ds, Ds, Gll^Fp, Gll^Fp, Gg, Rd, Gll^Fp, Gs^Fds, Gs^Fds, Gll^Fp, Gs^Fds, Re, Ds, Ds, Gs^Fms, Ww, Ww^Wkf, Ww, Wo, Wo, Wo, Wo, Wo, Wo
Wo, Wo, Wo, Wo, Wwr, Wwr^Wkf, Ww, Ww^Wkf, Ww, Ww, Ww^Wkf, Ww, Ds^Ewsh, Gs^Ft, Ss, Gll^Fp, Gs^Fms, Ds, Ww, Gs, Ss, Ww^Wkf, Ss, Ss, Ww, Ss, Ss, Ss, Gs, Gll^Fds, Ds, Ds^Ewsh, Ss, Ss, Gs, Gs^Fds, Gs^Fds, Gd, Ss, Gs, Gs, Gs^Fds, Gs^Fds, Gll^Fp, Ds, Ds^Ewsh, Ww, Ds, Wo, Ww, Ww, Wo, Wo, Ww, Wo, Wo, Wo
Wo, Wo, Wo, Wo, Wo, Wo, Ww, Ww, Ww, Wo, Ww, Ww^Es, Ds^Ewsh, Ss, Gs^Ft, Gs^Ft, Ww, Gs^Fds, Wwr, Ww^Ewf, Ss, Ww, Ww^Ewl, Ss, Wwr, Ww^Ewl, Ww, Wo, Ww, Gd^Fds, Ww, Ww^Ewl, Gs^Fds, Gs, Gs, Gs^Es, Gs, Gd, Gs^Fds, Gs^Fds, Gs^Fds, Gs, Gll^Fp, Rb, Ds^Ewsh, Ww, Ww^Wkf, Ww, Wo, Wo, Wo, Ww, Wo, Wo, Wo, Wo, Wo
Wo, Wo, Wo, Wo, Wo, Wo, Wo^Wkf, Ww^Wkf, Ww, Ww, Wwr, Wwr, Ww, Ds, Ww, Ww, Ww^Wkf, Ss, Wwr, Ww, Ww^Wkf, Ss, Ww, Wo, Ww^Wkf, Wwr, Ww, Wo^Wkf, Ww, Ds, Ww, Ds, Ds, Gll^Fp, Gs^Fds, Gll^Fp, Ds^Ewsh, Gs, Gs, Gs, Gs, Gs, Gs, Gs^Fds, Ds, Ww^Wkf, Wwr, Wwr^Wkf, Ww^Wkf, Ww, Wo, Wo, Wo, Wo, Wo, Wo, Wo
Wo, Wo, Wo, Wo, Ww, Wo, Wo, Wo, Ww, Wo, Wwr^Es, Wwr^Es, Wwr, Ww^Wkf, Ww^Es, Wwr, Wo, Wwr, Wwr^Wkf, Wwr^Wkf, Wwr, Wo, Wo, Wwr, Ww, Ww^Wkf, Wo, Wo, Ww, Ww, Ww^Wkf, Ds^Ewsh, Ds^Ewsh, Ds, Ds, Ds, Ds, Gll^Fp, Gs, Gll^Fp, Gs, Gs^Es, Gs, Gll^Fp, Ds^Ewsh, Ww^Wkf, Wwr^Wkf, Ww^Es, Wo^Wkf, Wo^Wkf, Ww^Wkf, Wo, Wo, Wo, Wo, Wo, Wo
Wo, Wo, Wo, Wo, Wo, Wo, Ww, Wo, Wo, Wo^Wkf, Wwr^Wkf, Wwr^Es, Wo, Ww, Wwr^Wkf, Wwr^Es, Wo, Wo, Wo^Wkf, Wo, Wo, Wo, Wo^Wkf, Wo^Wkf, Wo, Wo, Wo, Ww, Ww, Ww^Wkf, Ww^Wkf, Ww, Ww, Ww, Ww^Wkf, Ww, Ww, Ds^Ewsh, Gs^Fds, Gs, Gs, Gll^Fp, Ds, Gll^Fp, Ds, Ww, Ww^Es, Wwr, Wo, Wo, Wo, Wo, Wo, Wo, Wo, Wo, Wo
Wo, Wo, Wo, Wo, Wo, Wo, Wo, Wo, Wo, Wo^Wkf, Wo^Wkf, Wo, Wo, Ww, Wo^Wkf, Wo, Wo, Ww, Wo, Ww, Wo, Wo, Wo^Wkf, Ww, Wo, Wo, Wo, Wo^Wkf, Ww, Wo, Ww, Ww, Ww^Wkf, Ww^Wkf, Wo, Ww, Wwr, Ds, Ds, Ds^Ewsh, Ds, Ds^Es, Ww^Wkf, Ds, Ww^Wkf, Ww, Wo^Wkf, Wwr, Ww, Wo, Ww, Wo^Wkf, Wo, Wo, Wo, Wo, Wo
Wo, Wo, Wo, Wo, Wo, Wo, Wo, Wo, Wo, Wo, Wo, Wo, Ww, Wo, Wo^Wkf, Wo, Wo, Ww, Wo, Wo, Wo, Wo, Wo, Wo, Wo, Wo, Wo, Wo, Ww, Ww, Ww^Wkf, Ww, Ww, Ww^Wkf, Ww^Es, Wwr^Wkf, Wwr^Wkf, Ww^Es, Ww, Ds^Es, Ww, Ww^Wkf, Wwr, Wwr, Wwr, Ww^Wkf, Wwr, Wwr, Ww^Wkf, Wo^Wkf, Wo, Wo, Ww, Wo, Wo, Wo, Wo
Wo, Wo, Wo, Wo, Wo, Wo, Wo, Wo, Wo^Wkf, Wo, Wo, Wo, Wo, Wo, Wo, Wo, Wo, Wo, Wo, Wo, Wo, Wo, Wo, Wo, Wo, Wo, Ww, Wo, Wo, Wo, Wo, Wo, Wo, Wo, Wo^Wkf, Wo, Ww^Wkf, Wwr, Wwr, Ww, Ww, Wwr, Wwr^Wkf, Ww^Wkf, Wo, Ww, Wo^Wkf, Ww, Wo, Wo^Wkf, Wo^Wkf, Wo, Wo, Wo, Wo, Wo, Wo
Wo, Wo, Wo, Wo, Wo, Wo, Wo, Wo, Wo, Wo, Wo, Wo, Wo, Wo, Wo, Wo, Wo, Wo, Wo, Wo, Wo, Wo, Wo, Wo, Wo, Wo, Wo, Wo, Wo, Wo, Wo, Ww, Wo, Wo, Wo, Wo, Wo, Wo, Ww, Wo, Ww, Wo, Wo, Wo, Wo, Ww^Wkf, Wo, Wo, Wo, Wo, Wo, Wo, Wo, Wo, Wo, Wo, Wo
Wo, Wo, Wo, Wo, Wo, Wo, Wo, Wo, Wo, Wo, Wo, Wo, Wo, Wo, Wo, Wo, Wo, Wo, Wo, Wo, Wo, Wo, Wo, Wo, Wo, Wo, Wo, Wo, Wo, Wo, Wo, Wo, Wo, Wo, Wo, Wo, Wo, Wo, Wo, Wo, Wo, Wo, Wo, Ww, Wo, Wo, Wo, Wo, Wo, Ww, Wo, Wo, Wo, Wo, Wo, Wo, Wo
