Md, Md, Md, Hh, Md, Gg, Hh^Qhh, Hh^Qhh, Hh^Qhhf, Gg, Gg^Fp, Hh, Hh, Gg, Hh^Qhhf, Gg^Qhhf, Gg^Efm, Gg, Gg^Fp, Gg, Hh^Qhuf, Gd^Qhuf, Gg^Fp, Gg^Fp, Gs, Gg, Gg^Fp, Hh^Fp, Hh
Md, Md, Md, Hh^Fp, Hh^Fp, Hh^Fp, Hh^Es, Hh^Qhhf, Gg^Qhh, Gs^Efm, Gg^Dr, Gg^Qhh, Gg^Fp, Gg^Qhh, Hh^Qhh, Gg^Qhhf, Hh^Qhh, Gg^Fp, Gg^Fp, Gg^Es, Gd^Qhu, Gd^Qhuf, Gd^Qhuf, Gg^Fp, Ce, Ce, Ce, Hh^Fp, Hh^Fp
Mm^Xm, Md, Hh^Fp, Md, Hh^Fp, Hh^Fp, Gg^Dr, Hh^Qhh, Gg^Fp, Gd^Ve, Gg^Qhh, Gg^Qhh, Gg^Edpp, Gg^Qhh, Gs^Es, Gd, Gs, Gs^Ve, Hh, Hh^Efm, Gs^Qhu, Gd^Qhuf, Gd^Qhuf, Gg^Efm, Ce, 1 Ket, Ce, Gg^Fp, Hh^Fp
Mm^Xm, Mm^Xm, Md, Hh^Fp, Hh^Fp, Hh^Es, Hh^Fp, Gg^Qhh, Hh^Qhhf, Hh^Qhhf, Gd, Hh^Qhh, Gg^Fms, Hh^Fp, Hh^Fp, Hh^Efm, Hh^Fp, Hh^Efm, Hh^Fp, Gd^Qhuf, Gd^Qhu, Hh^Efm, Hh, Gg^Efm, Gs^Edpp, Ce, Gg^Efm, Gg^Fp, Gg^Dr
Mm^Xm, Mm^Xm, Md, Hh^Fp, Hh^Es, Md, Hh^Qhh, Gg^Qhh, Hh^Qhh, Gg^Fp, Gs^Edpp, Hh^Fms, Wwg^Ewf, Wwg^Wkf, Wwg^Ewl, Hh^Fms, Md, Hh^Fp, Hh^Fp, Hh, Gd^Qhu, Hhd^Qhuf, Gs, Gd, Gg^Edpp, Gd, Gg^Edpp, Hh^Fp, Gg^Qhh
Md, Md, Md, Md, Hh^Vhhr, Hh^Qhhf, Hh^Dr, Gg^Qhh, Hh^Fp, Hh, Gg^Qhh, Hh^Qhhf, Wwg^Wkf, Wog, Md, Hh^Es, Hh^Fp, Hh^Fp, Gg, Hh^Es, Gd^Qhuf, Gd^Qhu, Gg^Efm, Gg^Edpp, Gg^Fp, Gg^Fp, Hh^Vhhr, Hh^Qhh, Gg^Qhh
Md, Md, Md, Gg^Fp, Gs^Efm, Hh, Hh, Hh, Hh^Fp, Hh^Fp, Hh^Es, Hh^Fms, Hh^Fms, Gg, Md, Hh^Fp, Hh, Gg^Fp, Hh^Fp, Hhd^Qhuf, Gd^Qhu, Gd^Qhu, Gg, Hh^Fp, Gg^Fp, Gg^Fp, Hh^Qhh, Hh^Qhh, Hh
Md, Md, Hh^Fp, Hh^Fp, Hh, Md, Mm^Xm, Md, Md, Gg^Efm, Md, Md, Md, Md, Hh^Fp, Hh^Fp, Gg, Gd^Qhu, Gd^Qhuf, Gs^Qhu, Gd^Qhuf, Gg^Efm, Gg, Hh^Es, Hh^Fp, Gg^Dr, Hh^Qhh, Md, Hh
Md, Md, Hh^Fp, Gg^Efm, Md, Mm^Xm, Mm^Xm, Mm^Xm, Md, Hh, Hh, Md, Hh^Fp, Hh^Fp, Hh^Vhhr, Hh^Fp, Gd^Qhuf, Hhd^Qhuf, Gd^Qhu, Gd^Qhu, Gg, Hh^Fp, Gg^Efm, Gs^Es, Gg^Fp, Gg^Fp, Hh^Qhh, Hh^Fp, Md
Md, Md, Gg^Efm, Hh^Es, Md, Mm^Xm, Mm^Xm, Mm^Xm, Hh^Vhhr, Md, Gg^Efm, Md, Hh^Fp, Hh^Efm, Gg, Hhd^Qhuf, Gs^Qhu, Gd^Qhu, Gd^Qhu, Hh^Es, Hh^Fp, Gg^Efm, Hh^Qhhf, Hh^Fp, Hh^Efm, Hh, Hh^Efm, Hh^Fp, Md
Hh^Fp, Hh^Fp, Hh, Hh^Fp, Gg^Fp, Md, Md, Md, Hh^Fp, Md, Md, Hh, Gg^Efm, Hh^Fp, Gd^Qhuf, Gd^Qhu, Gd^Qhu, Gd^Qhuf, Gd^Qhuf, Gd^Qhu, Hh^Es, Gg^Fp, Hh^Qhhf, Hh^Qhh, Hh^Fp, Md, Hh, Md^Es, Md
Hh^Fp, Gg^Qhh, Hh^Es, Md, Hh^Fp, Md, Md, Md, Hh^Fp, Md, Md, Hh, Hh^Fp, Gd^Qhu, Gd^Qhu, Gd^Qhuf, Gd^Qhu, Hhd^Qhu, Hh^Fp, Hh^Es, Gg^Qhh, Hh^Qhh, Hh^Es, Hh^Fp, Gg^Fp, Hh^Vhhr, Md, Md, Mm^Xm
Hh^Qhh, Gg^Qhh, Gg^Dr, Gs^Vhr, Hh^Qhh, Md, Md, Hh^Fp, Gg^Fp, Hh^Fp, Hh^Efm, Hh^Fp, Hhd^Qhuf, Gd^Qhuf, Gs^Qhu, Gd^Qhuf, Gs, Gg, Hh^Vo, Hh^Fp, Hh, Hh^Es, Md^Es, Gg^Edpp, Hh^Es, Md, Mm^Xm, Mm^Xm, Mm^Xm
Hh^Fp, Hh, Md, Hh, Hh^Qhh, Hh^Fp, Hh^Fp, Hh^Fp, Hh, Hh, Hh, Hh, Gd^Qhu, Gd^Qhu, Hhd^Qhuf, Hh, Gg^Fp, Hh^Fp, Hh^Efm, Hh^Fp, Md, Gg^Edpp, Mm^Xm, Md, Hh^Fp, Gg^Edpp, Hh, Mm^Xm, Md
Hh^Fp, Hh^Fp, Hh, Hh^Es, Gg^Qhh, Gg^Edpp, Hh^Fp, Hh^Efm, Gg^Edpp, Gg^Ve, Gg^Fp, Gd^Qhu, Gd^Qhu, Gd^Qhuf, Gg, Hh, Hh^Fp, Hh, Md, Hh, Md, Mm^Xm, Mm^Xm, Md, Hh^Qhhf, Hh^Qhhf, Wwg, Md, Md
Hh^Qhh, Hh^Es, Gg^Qhhf, Hh^Qhhf, Gg^Edpp, Gd, Gg^Fp, Hh^Fp, Hh^Efm, Gg^Edpp, Hh^Es, Gd^Qhuf, Gd^Qhu, Gd^Qhu, Hhd^Qhuf, Gg^Fp, Gg^Qhh, Gg^Fp, Hh^Fp, Md, Hh, Md, Gg^Fp, Md, Hh^Qhhf, Wwg^Wkf, Hh^Vhhr, Wog^Ewf, Wwg
Hh, Hh^Qhhf, Hh^Qhhf, Hh^Qhh, Gg^Edpp, Hh^Fp, Gg^Fp, Gg^Fp, Gg^Fp, Gd^Qhuf, Gd^Qhu, Gd^Qhu, Gd^Qhu, Gd^Qhuf, Hhd^Qhuf, Gg^Edpp, Hh, Hh^Fp, Hh^Efm, Md, Hh^Fp, Hh^Fp, Md, Hh^Fp, Wog^Wkf, Wwrg, Gg^Dr, Md, Md
Gg^Fp, Gg^Dr, Gg^Edpp, Gg^Qhh, Hh, Gg^Edpp, Hh^Efm, Hh, Gs, Gd^Qhuf, Gd^Qhu, Gs^Qhu, Gd^Qhuf, Gd^Qhu, Hh, Hh^Fp, Gg^Edpp, Hh^Fp, Hh^Qhhf, Gg^Efm, Md, Hh, Md, Md, Wwg^Ewf, Gg^Edpp, Md, Md, Md
Gg^Qhh, Gg^Qhh, Hh^Fp, Gg^Ve, Gg^Efm, Gg^Fp, Gd, Gg^Edpp, Gg^Fp, Hh^Qhu, Gd^Qhu, Gd^Qhuf, Gd^Qhu, Hh^Es, Hh^Es, Gg^Fp, Gg^Qhh, Hh^Qhh, Hh^Qhhf, Gg, Md, Hh, Wog, Wog^Wkf, Gg^Fp, Hh, Hh^Es, Md, Md
Gg^Qhh, Hh, Gg^Fp, Gs^Edpp, Gs, Gg^Edpp, Gs^Es, Gg^Fp, Gd^Qhuf, Gd^Qhuf, Gd^Qhu, Gd^Qhu, Gg^Es, Gg^Edpp, Gs^Edpp, Gg^Efm, Hh^Qhh, Hh^Qhh, Hh^Fp, Hh^Vo, Md, Md, Wwrg, Hh^Qhhf, Hh^Fp, Md^Es, Md^Es, Md, Mm^Xm
Gg^Qhh, Hh, Gs, Gg^Fp, Gg^Es, Gg^Fp, Gg^Edpp, Gg^Efm, Gd^Qhu, Gd^Qhuf, Gd^Qhu, Gd^Qhu, Gs, Gg^Edpp, Hh^Fp, Gg^Fp, Hh^Qhhf, Gg^Qhh, Hh^Es, Hh^Fp, Hh^Qhhf, Gg^Qhh, Wog^Wkf, Gg^Dr, Md, Hh, Md, Mm^Xm, Mm^Xm
Gg^Fp, Gg^Efm, Gg^Edpp, Gs^Es, Gg, Gg^Fp, Gg^Efm, Gg^Efm, Gg, Gd^Qhu, Gd^Qhu, Gg^Qhuf, Gg^Fp, Hh^Fp, Gg^Fp, Gg, Gg^Efm, Gs, Hh^Fp, Hh^Fp, Hh^Qhhf, Gg^Qhh, Wog, Hh^Qhhf, Gd, Hh^Es, Hh^Es, Md, Md
Hh, Hh, Cvr, Cvr, Cvr, Gg^Efm, Gg^Edpp, Gg, Gd^Qhuf, Gd^Qhu, Gd^Qhu, Gg, Hh, Gg, Hh, Gg^Edpp, Gg^Qhhf, Hh^Qhh, Hh, Md, Hh^Qhhf, Hh^Qhh, Hh, Wwrg, Hh^Fp, Hh^Fp, Md, Md, Md
Hh, Gg^Ebn, Cvr, 2 Kvr, Cvr, Gg^Ebn, Gg^Edpp, Gg^Fp, Gd^Qhuf, Gs^Qhu, Gd^Qhu, Gd^Qhuf, Gg^Es, Gg^Fp, Gg^Fp, Gg^Qhh, Gg^Qhh, Hh^Qhhf, Gg^Qhh, Hh, Hh^Fp, Hh, Wwt^Wkf, Ss, Hh^Qhhf, Hh, Md, Md, Hh
Gg, Hh, Gs, Cvr, Gs, Gg^Fp, Gg^Efm, Gd^Qhu, Gd^Qhu, Gd^Qhuf, Gd^Qhuf, Gd^Ve, Gs, Hh, Gg^Fp, Gg^Efm, Gs, Gg^Dr, Hh^Qhh, Hh^Fp, Gg^Fp, Wwt^Wkf, Wwt^Ewf, Wwt^Ewl, Gg^Qhhf, Hh, Hh^Es, Md, Hh
Gg^Fp, Gg^Fp, Gg, Gg^Fp, Gg^Fp, Gg^Fp, Gg, Gd^Qhuf, Gg, Gd^Qhu, Gd^Qhuf, Gg, Gg, Gg^Fp, Gg^Fp, Gg^Efm, Gg, Hh, Gg^Qhh, Gg^Edpp, Gg, Gg^Qhh, Gg^Qhh, Ss, Gg, Hh, Gg, Gg^Es, Hh
